nftset=/.ua/4#inet#fw4#vpn_domains_en
nftset=/10minutemail.com/4#inet#fw4#vpn_domains_en
nftset=/1337x.to/4#inet#fw4#vpn_domains_en
nftset=/24.kg/4#inet#fw4#vpn_domains_en
nftset=/4freerussia.org/4#inet#fw4#vpn_domains_en
nftset=/4pda.to/4#inet#fw4#vpn_domains_en
nftset=/4pda.ws/4#inet#fw4#vpn_domains_en
nftset=/4pna.com/4#inet#fw4#vpn_domains_en
nftset=/5sim.net/4#inet#fw4#vpn_domains_en
nftset=/7dniv.rv.ua/4#inet#fw4#vpn_domains_en
nftset=/7tv.app/4#inet#fw4#vpn_domains_en
nftset=/7tv.io/4#inet#fw4#vpn_domains_en
nftset=/9tv.co.il/4#inet#fw4#vpn_domains_en
nftset=/abercrombie.com/4#inet#fw4#vpn_domains_en
nftset=/abook-club.ru/4#inet#fw4#vpn_domains_en
nftset=/academy.terrasoft.ua/4#inet#fw4#vpn_domains_en
nftset=/activatica.org/4#inet#fw4#vpn_domains_en
nftset=/adguard.com/4#inet#fw4#vpn_domains_en
nftset=/adidas.com/4#inet#fw4#vpn_domains_en
nftset=/adminforge.de/4#inet#fw4#vpn_domains_en
nftset=/adobe.com/4#inet#fw4#vpn_domains_en
nftset=/ads-twitter.com/4#inet#fw4#vpn_domains_en
nftset=/adultmult.tv/4#inet#fw4#vpn_domains_en
nftset=/agents.media/4#inet#fw4#vpn_domains_en
nftset=/ahrefs.com/4#inet#fw4#vpn_domains_en
nftset=/ai-chat.bsg.brave.com/4#inet#fw4#vpn_domains_en
nftset=/ai.com/4#inet#fw4#vpn_domains_en
nftset=/allegro.pl/4#inet#fw4#vpn_domains_en
nftset=/alphacoders.com/4#inet#fw4#vpn_domains_en
nftset=/alza.hu/4#inet#fw4#vpn_domains_en
nftset=/amazfitwatchfaces.com/4#inet#fw4#vpn_domains_en
nftset=/amdm.ru/4#inet#fw4#vpn_domains_en
nftset=/amedia.site/4#inet#fw4#vpn_domains_en
nftset=/amnezia.org/4#inet#fw4#vpn_domains_en
nftset=/amplitude.com/4#inet#fw4#vpn_domains_en
nftset=/amx.com/4#inet#fw4#vpn_domains_en
nftset=/analog.com/4#inet#fw4#vpn_domains_en
nftset=/andrevi.ch/4#inet#fw4#vpn_domains_en
nftset=/anidub.com/4#inet#fw4#vpn_domains_en
nftset=/anilib.me/4#inet#fw4#vpn_domains_en
nftset=/anilibria.org/4#inet#fw4#vpn_domains_en
nftset=/anilibria.tv/4#inet#fw4#vpn_domains_en
nftset=/anilibria.uno/4#inet#fw4#vpn_domains_en
nftset=/anilibria.wtf/4#inet#fw4#vpn_domains_en
nftset=/animaunt.org/4#inet#fw4#vpn_domains_en
nftset=/anime-portal.su/4#inet#fw4#vpn_domains_en
nftset=/animebest.org/4#inet#fw4#vpn_domains_en
nftset=/animedia.tv/4#inet#fw4#vpn_domains_en
nftset=/animego.org/4#inet#fw4#vpn_domains_en
nftset=/animespirit.ru/4#inet#fw4#vpn_domains_en
nftset=/anistar.org/4#inet#fw4#vpn_domains_en
nftset=/anistars.ru/4#inet#fw4#vpn_domains_en
nftset=/annas-archive.org/4#inet#fw4#vpn_domains_en
nftset=/ansys.com/4#inet#fw4#vpn_domains_en
nftset=/anthropic.com/4#inet#fw4#vpn_domains_en
nftset=/aol.com/4#inet#fw4#vpn_domains_en
nftset=/api.jetbrains.ai/4#inet#fw4#vpn_domains_en
nftset=/api.service-kp.com/4#inet#fw4#vpn_domains_en
nftset=/api.theins.info/4#inet#fw4#vpn_domains_en
nftset=/api.themoviedb.org/4#inet#fw4#vpn_domains_en
nftset=/apkmirror.com/4#inet#fw4#vpn_domains_en
nftset=/arbat.media/4#inet#fw4#vpn_domains_en
nftset=/archive.ph/4#inet#fw4#vpn_domains_en
nftset=/archiveofourown.org/4#inet#fw4#vpn_domains_en
nftset=/as6723.net/4#inet#fw4#vpn_domains_en
nftset=/assets.heroku.com/4#inet#fw4#vpn_domains_en
nftset=/atn.ua/4#inet#fw4#vpn_domains_en
nftset=/att.com/4#inet#fw4#vpn_domains_en
nftset=/attachments.f95zone.to/4#inet#fw4#vpn_domains_en
nftset=/audiobookbay.lu/4#inet#fw4#vpn_domains_en
nftset=/autodesk.com/4#inet#fw4#vpn_domains_en
nftset=/avira.com/4#inet#fw4#vpn_domains_en
nftset=/azathabar.com/4#inet#fw4#vpn_domains_en
nftset=/azattyq.org/4#inet#fw4#vpn_domains_en
nftset=/babook.org/4#inet#fw4#vpn_domains_en
nftset=/baginya.org/4#inet#fw4#vpn_domains_en
nftset=/baikal-journal.ru/4#inet#fw4#vpn_domains_en
nftset=/bato.to/4#inet#fw4#vpn_domains_en
nftset=/bbc.co.uk/4#inet#fw4#vpn_domains_en
nftset=/bbc.com/4#inet#fw4#vpn_domains_en
nftset=/bbci.co.uk/4#inet#fw4#vpn_domains_en
nftset=/bcbits.com/4#inet#fw4#vpn_domains_en
nftset=/bell-sw.com/4#inet#fw4#vpn_domains_en
nftset=/bellingcat.com/4#inet#fw4#vpn_domains_en
nftset=/bestbuy.com/4#inet#fw4#vpn_domains_en
nftset=/bestchange.ru/4#inet#fw4#vpn_domains_en
nftset=/bihus.info/4#inet#fw4#vpn_domains_en
nftset=/bitdefender.com/4#inet#fw4#vpn_domains_en
nftset=/bitnami.com/4#inet#fw4#vpn_domains_en
nftset=/blackseanews.net/4#inet#fw4#vpn_domains_en
nftset=/blinkshot.io/4#inet#fw4#vpn_domains_en
nftset=/bluehost.com/4#inet#fw4#vpn_domains_en
nftset=/booktracker.org/4#inet#fw4#vpn_domains_en
nftset=/boominfo.org/4#inet#fw4#vpn_domains_en
nftset=/booth.pm/4#inet#fw4#vpn_domains_en
nftset=/booth.pximg.net/4#inet#fw4#vpn_domains_en
nftset=/bosch.com/4#inet#fw4#vpn_domains_en
nftset=/boschaftermarket.com/4#inet#fw4#vpn_domains_en
nftset=/boschautoparts.com/4#inet#fw4#vpn_domains_en
nftset=/botnadzor.org/4#inet#fw4#vpn_domains_en
nftset=/brawlstarsgame.com/4#inet#fw4#vpn_domains_en
nftset=/broadcom.com/4#inet#fw4#vpn_domains_en
nftset=/broncosportforum.com/4#inet#fw4#vpn_domains_en
nftset=/bt4gprx.com/4#inet#fw4#vpn_domains_en
nftset=/btdig.com/4#inet#fw4#vpn_domains_en
nftset=/btod.com/4#inet#fw4#vpn_domains_en
nftset=/buanzo.org/4#inet#fw4#vpn_domains_en
nftset=/buf.build/4#inet#fw4#vpn_domains_en
nftset=/builds.parsec.app/4#inet#fw4#vpn_domains_en
nftset=/buymeacoffee.com/4#inet#fw4#vpn_domains_en
nftset=/byteoversea.com/4#inet#fw4#vpn_domains_en
nftset=/canva.com/4#inet#fw4#vpn_domains_en
nftset=/canva.dev/4#inet#fw4#vpn_domains_en
nftset=/capacitorjs.com/4#inet#fw4#vpn_domains_en
nftset=/capcut.com/4#inet#fw4#vpn_domains_en
nftset=/carnegieendowment.org/4#inet#fw4#vpn_domains_en
nftset=/carrefouruae.com/4#inet#fw4#vpn_domains_en
nftset=/cats.com/4#inet#fw4#vpn_domains_en
nftset=/cbilling.eu/4#inet#fw4#vpn_domains_en
nftset=/cbilling.vip/4#inet#fw4#vpn_domains_en
nftset=/cdn.web-platform.io/4#inet#fw4#vpn_domains_en
nftset=/cdnbunny.org/4#inet#fw4#vpn_domains_en
nftset=/cdninstagram.com/4#inet#fw4#vpn_domains_en
nftset=/cdromance.org/4#inet#fw4#vpn_domains_en
nftset=/cdw.com/4#inet#fw4#vpn_domains_en
nftset=/censortracker.org/4#inet#fw4#vpn_domains_en
nftset=/chaos.com/4#inet#fw4#vpn_domains_en
nftset=/chat.com/4#inet#fw4#vpn_domains_en
nftset=/chat.openai.com.cdn.cloudflare.net/4#inet#fw4#vpn_domains_en
nftset=/chatgpt.com/4#inet#fw4#vpn_domains_en
nftset=/chaturbate.com/4#inet#fw4#vpn_domains_en
nftset=/cherta.media/4#inet#fw4#vpn_domains_en
nftset=/chess.com/4#inet#fw4#vpn_domains_en
nftset=/cisco.com/4#inet#fw4#vpn_domains_en
nftset=/cisecurity.org/4#inet#fw4#vpn_domains_en
nftset=/citrix.com/4#inet#fw4#vpn_domains_en
nftset=/clamav.net/4#inet#fw4#vpn_domains_en
nftset=/clashofclans.com/4#inet#fw4#vpn_domains_en
nftset=/clashroyaleapp.com/4#inet#fw4#vpn_domains_en
nftset=/claude.ai/4#inet#fw4#vpn_domains_en
nftset=/clickup.com/4#inet#fw4#vpn_domains_en
nftset=/clip.opus.pro/4#inet#fw4#vpn_domains_en
nftset=/cloudtorrents.com/4#inet#fw4#vpn_domains_en
nftset=/cms-twdigitalassets.com/4#inet#fw4#vpn_domains_en
nftset=/cnd2exp.online/4#inet#fw4#vpn_domains_en
nftset=/cock.li/4#inet#fw4#vpn_domains_en
nftset=/code.gist.build/4#inet#fw4#vpn_domains_en
nftset=/codeium.com/4#inet#fw4#vpn_domains_en
nftset=/coingate.com/4#inet#fw4#vpn_domains_en
nftset=/coinpayments.net/4#inet#fw4#vpn_domains_en
nftset=/coinsbee.com/4#inet#fw4#vpn_domains_en
nftset=/coldfilm.xyz/4#inet#fw4#vpn_domains_en
nftset=/colta.ru/4#inet#fw4#vpn_domains_en
nftset=/community.sophos.com/4#inet#fw4#vpn_domains_en
nftset=/contabo.com/4#inet#fw4#vpn_domains_en
nftset=/coomer.su/4#inet#fw4#vpn_domains_en
nftset=/copilot.microsoft.com/4#inet#fw4#vpn_domains_en
nftset=/corsair.com/4#inet#fw4#vpn_domains_en
nftset=/coursera.org/4#inet#fw4#vpn_domains_en
nftset=/cpu-monkey.com/4#inet#fw4#vpn_domains_en
nftset=/credly.com/4#inet#fw4#vpn_domains_en
nftset=/crunchyroll.com/4#inet#fw4#vpn_domains_en
nftset=/csskor.ill.in.ua/4#inet#fw4#vpn_domains_en
nftset=/cub.red/4#inet#fw4#vpn_domains_en
nftset=/currenttime.tv/4#inet#fw4#vpn_domains_en
nftset=/cursorinfo.co.il/4#inet#fw4#vpn_domains_en
nftset=/cvedetails.com/4#inet#fw4#vpn_domains_en
nftset=/cyberghostvpn.com/4#inet#fw4#vpn_domains_en
nftset=/cyxymu.info/4#inet#fw4#vpn_domains_en
nftset=/daemon-tools.cc/4#inet#fw4#vpn_domains_en
nftset=/danbooru.donmai.us/4#inet#fw4#vpn_domains_en
nftset=/data-cdn.mbamupdates.com/4#inet#fw4#vpn_domains_en
nftset=/decrypt.day/4#inet#fw4#vpn_domains_en
nftset=/deepl.com/4#inet#fw4#vpn_domains_en
nftset=/deepstatemap.live/4#inet#fw4#vpn_domains_en
nftset=/deezer.com/4#inet#fw4#vpn_domains_en
nftset=/delfi.lt/4#inet#fw4#vpn_domains_en
nftset=/delfi.lv/4#inet#fw4#vpn_domains_en
nftset=/delivery.2d.net.co/4#inet#fw4#vpn_domains_en
nftset=/dell.com/4#inet#fw4#vpn_domains_en
nftset=/dellcdn.com/4#inet#fw4#vpn_domains_en
nftset=/depositphotos.com/4#inet#fw4#vpn_domains_en
nftset=/designer.microsoft.com/4#inet#fw4#vpn_domains_en
nftset=/designify.com/4#inet#fw4#vpn_domains_en
nftset=/developer.nvidia.com/4#inet#fw4#vpn_domains_en
nftset=/deviantart.com/4#inet#fw4#vpn_domains_en
nftset=/digash.live/4#inet#fw4#vpn_domains_en
nftset=/digikey.com/4#inet#fw4#vpn_domains_en
nftset=/digitalcontent.sky/4#inet#fw4#vpn_domains_en
nftset=/digitalocean.com/4#inet#fw4#vpn_domains_en
nftset=/dis.gd/4#inet#fw4#vpn_domains_en
nftset=/discord-activities.com/4#inet#fw4#vpn_domains_en
nftset=/discord.co/4#inet#fw4#vpn_domains_en
nftset=/discord.com/4#inet#fw4#vpn_domains_en
nftset=/discord.design/4#inet#fw4#vpn_domains_en
nftset=/discord.dev/4#inet#fw4#vpn_domains_en
nftset=/discord.gg/4#inet#fw4#vpn_domains_en
nftset=/discord.gift/4#inet#fw4#vpn_domains_en
nftset=/discord.gifts/4#inet#fw4#vpn_domains_en
nftset=/discord.media/4#inet#fw4#vpn_domains_en
nftset=/discord.new/4#inet#fw4#vpn_domains_en
nftset=/discord.store/4#inet#fw4#vpn_domains_en
nftset=/discord.tools/4#inet#fw4#vpn_domains_en
nftset=/discordactivities.com/4#inet#fw4#vpn_domains_en
nftset=/discordapp.com/4#inet#fw4#vpn_domains_en
nftset=/discordapp.net/4#inet#fw4#vpn_domains_en
nftset=/discordmerch.com/4#inet#fw4#vpn_domains_en
nftset=/discordpartygames.com/4#inet#fw4#vpn_domains_en
nftset=/discordsays.com/4#inet#fw4#vpn_domains_en
nftset=/discours.io/4#inet#fw4#vpn_domains_en
nftset=/disctech.com/4#inet#fw4#vpn_domains_en
nftset=/disneyplus.com/4#inet#fw4#vpn_domains_en
nftset=/docs.liquibase.com/4#inet#fw4#vpn_domains_en
nftset=/dorama.live/4#inet#fw4#vpn_domains_en
nftset=/doramalive.ru/4#inet#fw4#vpn_domains_en
nftset=/doramy.club/4#inet#fw4#vpn_domains_en
nftset=/dovod.online/4#inet#fw4#vpn_domains_en
nftset=/download3.omnissa.com/4#inet#fw4#vpn_domains_en
nftset=/doxa.team/4#inet#fw4#vpn_domains_en
nftset=/dpidetector.org/4#inet#fw4#vpn_domains_en
nftset=/dreamhost.com/4#inet#fw4#vpn_domains_en
nftset=/ducati.com/4#inet#fw4#vpn_domains_en
nftset=/dw.com/4#inet#fw4#vpn_domains_en
nftset=/e621.net/4#inet#fw4#vpn_domains_en
nftset=/echofm.online/4#inet#fw4#vpn_domains_en
nftset=/editorx.com/4#inet#fw4#vpn_domains_en
nftset=/edu-cisco.org/4#inet#fw4#vpn_domains_en
nftset=/ef.com/4#inet#fw4#vpn_domains_en
nftset=/ef.edu/4#inet#fw4#vpn_domains_en
nftset=/eggertspiele.de/4#inet#fw4#vpn_domains_en
nftset=/ej.ru/4#inet#fw4#vpn_domains_en
nftset=/ekhokavkaza.com/4#inet#fw4#vpn_domains_en
nftset=/element14.com/4#inet#fw4#vpn_domains_en
nftset=/elements.envato.com/4#inet#fw4#vpn_domains_en
nftset=/elevenlabs.io/4#inet#fw4#vpn_domains_en
nftset=/epidemz.net.co/4#inet#fw4#vpn_domains_en
nftset=/eporner.com/4#inet#fw4#vpn_domains_en
nftset=/etahub.com/4#inet#fw4#vpn_domains_en
nftset=/etsy.com/4#inet#fw4#vpn_domains_en
nftset=/euronews.com/4#inet#fw4#vpn_domains_en
nftset=/euroradio.fm/4#inet#fw4#vpn_domains_en
nftset=/eutrp.eu/4#inet#fw4#vpn_domains_en
nftset=/everand.com/4#inet#fw4#vpn_domains_en
nftset=/exler.ru/4#inet#fw4#vpn_domains_en
nftset=/expandrive.com/4#inet#fw4#vpn_domains_en
nftset=/expres.online/4#inet#fw4#vpn_domains_en
nftset=/extremetech.com/4#inet#fw4#vpn_domains_en
nftset=/f1.com/4#inet#fw4#vpn_domains_en
nftset=/f95-zone.to/4#inet#fw4#vpn_domains_en
nftset=/facebook.com/4#inet#fw4#vpn_domains_en
nftset=/facebook.net/4#inet#fw4#vpn_domains_en
nftset=/fast-torrent.club/4#inet#fw4#vpn_domains_en
nftset=/fast.com/4#inet#fw4#vpn_domains_en
nftset=/fb.com/4#inet#fw4#vpn_domains_en
nftset=/fbcdn.net/4#inet#fw4#vpn_domains_en
nftset=/fbsbx.com/4#inet#fw4#vpn_domains_en
nftset=/ficbook.net/4#inet#fw4#vpn_domains_en
nftset=/filebin.net/4#inet#fw4#vpn_domains_en
nftset=/filmitorrent.net/4#inet#fw4#vpn_domains_en
nftset=/filmix.ac/4#inet#fw4#vpn_domains_en
nftset=/filmix.biz/4#inet#fw4#vpn_domains_en
nftset=/filmix.day/4#inet#fw4#vpn_domains_en
nftset=/filmix.fm/4#inet#fw4#vpn_domains_en
nftset=/filmix.la/4#inet#fw4#vpn_domains_en
nftset=/flibusta.is/4#inet#fw4#vpn_domains_en
nftset=/flibusta.net/4#inet#fw4#vpn_domains_en
nftset=/flipboard.com/4#inet#fw4#vpn_domains_en
nftset=/flir.com/4#inet#fw4#vpn_domains_en
nftset=/flir.eu/4#inet#fw4#vpn_domains_en
nftset=/flourish.studio/4#inet#fw4#vpn_domains_en
nftset=/fls.guru/4#inet#fw4#vpn_domains_en
nftset=/fluke.com/4#inet#fw4#vpn_domains_en
nftset=/flukenetworks.com/4#inet#fw4#vpn_domains_en
nftset=/flyertalk.com/4#inet#fw4#vpn_domains_en
nftset=/fn-volga.ru/4#inet#fw4#vpn_domains_en
nftset=/fonge.org/4#inet#fw4#vpn_domains_en
nftset=/footballapi.pulselive.com/4#inet#fw4#vpn_domains_en
nftset=/force-user-content.com/4#inet#fw4#vpn_domains_en
nftset=/force.com/4#inet#fw4#vpn_domains_en
nftset=/forklog.com/4#inet#fw4#vpn_domains_en
nftset=/formula1.com/4#inet#fw4#vpn_domains_en
nftset=/fortanga.org/4#inet#fw4#vpn_domains_en
nftset=/forum.netgate.com/4#inet#fw4#vpn_domains_en
nftset=/forum.ru-board.com/4#inet#fw4#vpn_domains_en
nftset=/foxnews.com/4#inet#fw4#vpn_domains_en
nftset=/framer.com/4#inet#fw4#vpn_domains_en
nftset=/freedomletters.org/4#inet#fw4#vpn_domains_en
nftset=/freeimages.com/4#inet#fw4#vpn_domains_en
nftset=/freemedia.io/4#inet#fw4#vpn_domains_en
nftset=/fxnetworks.com/4#inet#fw4#vpn_domains_en
nftset=/gagadget.com/4#inet#fw4#vpn_domains_en
nftset=/gamedistribution.com/4#inet#fw4#vpn_domains_en
nftset=/gamesrepack.com/4#inet#fw4#vpn_domains_en
nftset=/gaming.amazon.com/4#inet#fw4#vpn_domains_en
nftset=/geforcenow.com/4#inet#fw4#vpn_domains_en
nftset=/gelbooru.com/4#inet#fw4#vpn_domains_en
nftset=/geolocation.onetrust.com/4#inet#fw4#vpn_domains_en
nftset=/germania.one/4#inet#fw4#vpn_domains_en
nftset=/getoutline.com/4#inet#fw4#vpn_domains_en
nftset=/getoutline.org/4#inet#fw4#vpn_domains_en
nftset=/gfn.am/4#inet#fw4#vpn_domains_en
nftset=/ggpht.com/4#inet#fw4#vpn_domains_en
nftset=/ghostrc.game.idtech.services/4#inet#fw4#vpn_domains_en
nftset=/global.fncstatic.com/4#inet#fw4#vpn_domains_en
nftset=/global.platform.seconddinnertech.com/4#inet#fw4#vpn_domains_en
nftset=/glpals.com/4#inet#fw4#vpn_domains_en
nftset=/godaddy.com/4#inet#fw4#vpn_domains_en
nftset=/gofile.io/4#inet#fw4#vpn_domains_en
nftset=/gofundme.com/4#inet#fw4#vpn_domains_en
nftset=/golosameriki.com/4#inet#fw4#vpn_domains_en
nftset=/gonitro.com/4#inet#fw4#vpn_domains_en
nftset=/goodreads.com/4#inet#fw4#vpn_domains_en
nftset=/gpsonextra.net/4#inet#fw4#vpn_domains_en
nftset=/gpu-monkey.com/4#inet#fw4#vpn_domains_en
nftset=/gql.twitch.tv/4#inet#fw4#vpn_domains_en
nftset=/gr-assets.com/4#inet#fw4#vpn_domains_en
nftset=/grafana.com/4#inet#fw4#vpn_domains_en
nftset=/grani.ru/4#inet#fw4#vpn_domains_en
nftset=/graty.me/4#inet#fw4#vpn_domains_en
nftset=/graylog.org/4#inet#fw4#vpn_domains_en
nftset=/grok.com/4#inet#fw4#vpn_domains_en
nftset=/groq.com/4#inet#fw4#vpn_domains_en
nftset=/groupon.com/4#inet#fw4#vpn_domains_en
nftset=/guilded.gg/4#inet#fw4#vpn_domains_en
nftset=/gulagu.net/4#inet#fw4#vpn_domains_en
nftset=/habr.com/4#inet#fw4#vpn_domains_en
nftset=/hackernoon.com/4#inet#fw4#vpn_domains_en
nftset=/hackmd.io/4#inet#fw4#vpn_domains_en
nftset=/halooglasi.com/4#inet#fw4#vpn_domains_en
nftset=/hashicorp.com/4#inet#fw4#vpn_domains_en
nftset=/haydaygame.com/4#inet#fw4#vpn_domains_en
nftset=/hbomax.com/4#inet#fw4#vpn_domains_en
nftset=/hc-ping.com/4#inet#fw4#vpn_domains_en
nftset=/hchk.io/4#inet#fw4#vpn_domains_en
nftset=/hd-rezka.tv/4#inet#fw4#vpn_domains_en
nftset=/hdkinoteatr.com/4#inet#fw4#vpn_domains_en
nftset=/hdrezka.ac/4#inet#fw4#vpn_domains_en
nftset=/hdrezka.ag/4#inet#fw4#vpn_domains_en
nftset=/hdrezka.me/4#inet#fw4#vpn_domains_en
nftset=/healthline.com/4#inet#fw4#vpn_domains_en
nftset=/hentai-foundry.com/4#inet#fw4#vpn_domains_en
nftset=/herokucdn.com/4#inet#fw4#vpn_domains_en
nftset=/hetzner.com/4#inet#fw4#vpn_domains_en
nftset=/hollisterco.com/4#inet#fw4#vpn_domains_en
nftset=/holod.media/4#inet#fw4#vpn_domains_en
nftset=/home-connect.com/4#inet#fw4#vpn_domains_en
nftset=/home.by.me/4#inet#fw4#vpn_domains_en
nftset=/hostgator.com/4#inet#fw4#vpn_domains_en
nftset=/hostinger.com/4#inet#fw4#vpn_domains_en
nftset=/hotels.com/4#inet#fw4#vpn_domains_en
nftset=/hqporner.com/4#inet#fw4#vpn_domains_en
nftset=/hromadske.ua/4#inet#fw4#vpn_domains_en
nftset=/hs.fi/4#inet#fw4#vpn_domains_en
nftset=/htmhell.dev/4#inet#fw4#vpn_domains_en
nftset=/i.sakh.com/4#inet#fw4#vpn_domains_en
nftset=/ibm.com/4#inet#fw4#vpn_domains_en
nftset=/ibytedtos.com/4#inet#fw4#vpn_domains_en
nftset=/idelreal.org/4#inet#fw4#vpn_domains_en
nftset=/iditelesombase.org/4#inet#fw4#vpn_domains_en
nftset=/iedb.org/4#inet#fw4#vpn_domains_en
nftset=/ig.me/4#inet#fw4#vpn_domains_en
nftset=/ign.com/4#inet#fw4#vpn_domains_en
nftset=/iherb.com/4#inet#fw4#vpn_domains_en
nftset=/iichan.hk/4#inet#fw4#vpn_domains_en
nftset=/ikea.com/4#inet#fw4#vpn_domains_en
nftset=/ilook.tv/4#inet#fw4#vpn_domains_en
nftset=/image.tmdb.org/4#inet#fw4#vpn_domains_en
nftset=/important-stories.com/4#inet#fw4#vpn_domains_en
nftset=/indiehackers.com/4#inet#fw4#vpn_domains_en
nftset=/infineon.com/4#inet#fw4#vpn_domains_en
nftset=/insearch.site/4#inet#fw4#vpn_domains_en
nftset=/instagram.com/4#inet#fw4#vpn_domains_en
nftset=/install.launcher.omniverse.nvidia.com/4#inet#fw4#vpn_domains_en
nftset=/intel.com/4#inet#fw4#vpn_domains_en
nftset=/intel.de/4#inet#fw4#vpn_domains_en
nftset=/intel.nl/4#inet#fw4#vpn_domains_en
nftset=/intelix.sophos.com/4#inet#fw4#vpn_domains_en
nftset=/interactivebrokers.co.uk/4#inet#fw4#vpn_domains_en
nftset=/interfax.com.ua/4#inet#fw4#vpn_domains_en
nftset=/internalfb.com/4#inet#fw4#vpn_domains_en
nftset=/intuit.com/4#inet#fw4#vpn_domains_en
nftset=/intuitibits.com/4#inet#fw4#vpn_domains_en
nftset=/ionos.com/4#inet#fw4#vpn_domains_en
nftset=/iptv.online/4#inet#fw4#vpn_domains_en
nftset=/is.fi/4#inet#fw4#vpn_domains_en
nftset=/istories.media/4#inet#fw4#vpn_domains_en
nftset=/itninja.com/4#inet#fw4#vpn_domains_en
nftset=/itsmycity.ru/4#inet#fw4#vpn_domains_en
nftset=/jamf.com/4#inet#fw4#vpn_domains_en
nftset=/jetbrains.com/4#inet#fw4#vpn_domains_en
nftset=/jetbrains.space/4#inet#fw4#vpn_domains_en
nftset=/jskor.ill.in.ua/4#inet#fw4#vpn_domains_en
nftset=/jut-su.net/4#inet#fw4#vpn_domains_en
nftset=/jut.su/4#inet#fw4#vpn_domains_en
nftset=/kaktus.media/4#inet#fw4#vpn_domains_en
nftset=/kaleido.ai/4#inet#fw4#vpn_domains_en
nftset=/kamatera.com/4#inet#fw4#vpn_domains_en
nftset=/kara.su/4#inet#fw4#vpn_domains_en
nftset=/kasparov.ru/4#inet#fw4#vpn_domains_en
nftset=/kavkaz-uzel.eu/4#inet#fw4#vpn_domains_en
nftset=/kavkazr.com/4#inet#fw4#vpn_domains_en
nftset=/kemono.su/4#inet#fw4#vpn_domains_en
nftset=/keysight.com/4#inet#fw4#vpn_domains_en
nftset=/kino.pub/4#inet#fw4#vpn_domains_en
nftset=/kinogo.ec/4#inet#fw4#vpn_domains_en
nftset=/kinogo.la/4#inet#fw4#vpn_domains_en
nftset=/kinogo.uk/4#inet#fw4#vpn_domains_en
nftset=/kinovod.net/4#inet#fw4#vpn_domains_en
nftset=/kinozal.guru/4#inet#fw4#vpn_domains_en
nftset=/kinozal.me/4#inet#fw4#vpn_domains_en
nftset=/kinozal.tv/4#inet#fw4#vpn_domains_en
nftset=/kinozaltv.life/4#inet#fw4#vpn_domains_en
nftset=/kmail-lists.com/4#inet#fw4#vpn_domains_en
nftset=/knews.kg/4#inet#fw4#vpn_domains_en
nftset=/knowyourmeme.com/4#inet#fw4#vpn_domains_en
nftset=/kolsar.org/4#inet#fw4#vpn_domains_en
nftset=/kor.ill.in.ua/4#inet#fw4#vpn_domains_en
nftset=/korrespondent.net/4#inet#fw4#vpn_domains_en
nftset=/kovcheg.live/4#inet#fw4#vpn_domains_en
nftset=/krymr.com/4#inet#fw4#vpn_domains_en
nftset=/kupujemprodajem.com/4#inet#fw4#vpn_domains_en
nftset=/kym-cdn.com/4#inet#fw4#vpn_domains_en
nftset=/lambdalabs.com/4#inet#fw4#vpn_domains_en
nftset=/lamcdn.net/4#inet#fw4#vpn_domains_en
nftset=/langdock.com/4#inet#fw4#vpn_domains_en
nftset=/ldoceonline.com/4#inet#fw4#vpn_domains_en
nftset=/le-production.tv/4#inet#fw4#vpn_domains_en
nftset=/leafletjs.com/4#inet#fw4#vpn_domains_en
nftset=/libgen.li/4#inet#fw4#vpn_domains_en
nftset=/licdn.com/4#inet#fw4#vpn_domains_en
nftset=/lidarr.audio/4#inet#fw4#vpn_domains_en
nftset=/lifehacker.com/4#inet#fw4#vpn_domains_en
nftset=/lightning.ai/4#inet#fw4#vpn_domains_en
nftset=/linear.app/4#inet#fw4#vpn_domains_en
nftset=/linkedin.com/4#inet#fw4#vpn_domains_en
nftset=/linktr.ee/4#inet#fw4#vpn_domains_en
nftset=/livetv.sx/4#inet#fw4#vpn_domains_en
nftset=/liveuamap.com/4#inet#fw4#vpn_domains_en
nftset=/locals.md/4#inet#fw4#vpn_domains_en
nftset=/lolz.guru/4#inet#fw4#vpn_domains_en
nftset=/lostfilm.download/4#inet#fw4#vpn_domains_en
nftset=/lostfilm.tv/4#inet#fw4#vpn_domains_en
nftset=/lostfilmtv2.site/4#inet#fw4#vpn_domains_en
nftset=/lu4.org/4#inet#fw4#vpn_domains_en
nftset=/lucid.app/4#inet#fw4#vpn_domains_en
nftset=/mail-api.proton.me/4#inet#fw4#vpn_domains_en
nftset=/mailerlite.com/4#inet#fw4#vpn_domains_en
nftset=/mailfence.com/4#inet#fw4#vpn_domains_en
nftset=/mailinator.com/4#inet#fw4#vpn_domains_en
nftset=/mailo.com/4#inet#fw4#vpn_domains_en
nftset=/make.com/4#inet#fw4#vpn_domains_en
nftset=/malwarebytes.com/4#inet#fw4#vpn_domains_en
nftset=/mangadex.org/4#inet#fw4#vpn_domains_en
nftset=/mangahub.ru/4#inet#fw4#vpn_domains_en
nftset=/mangapark.net/4#inet#fw4#vpn_domains_en
nftset=/manus.im/4#inet#fw4#vpn_domains_en
nftset=/marvelsnap.com/4#inet#fw4#vpn_domains_en
nftset=/mashable.com/4#inet#fw4#vpn_domains_en
nftset=/mattermost.com/4#inet#fw4#vpn_domains_en
nftset=/max.com/4#inet#fw4#vpn_domains_en
nftset=/mbk-news.appspot.com/4#inet#fw4#vpn_domains_en
nftset=/mediazona.ca/4#inet#fw4#vpn_domains_en
nftset=/medicalnewstoday.com/4#inet#fw4#vpn_domains_en
nftset=/medium.com/4#inet#fw4#vpn_domains_en
nftset=/meduza.io/4#inet#fw4#vpn_domains_en
nftset=/megapeer.ru/4#inet#fw4#vpn_domains_en
nftset=/megapeer.vip/4#inet#fw4#vpn_domains_en
nftset=/merezha.co/4#inet#fw4#vpn_domains_en
nftset=/meta.com/4#inet#fw4#vpn_domains_en
nftset=/metacritic.com/4#inet#fw4#vpn_domains_en
nftset=/metal-archives.com/4#inet#fw4#vpn_domains_en
nftset=/metla.press/4#inet#fw4#vpn_domains_en
nftset=/metopera.org/4#inet#fw4#vpn_domains_en
nftset=/middlewareinventory.com/4#inet#fw4#vpn_domains_en
nftset=/mignews.com/4#inet#fw4#vpn_domains_en
nftset=/mixcloud.com/4#inet#fw4#vpn_domains_en
nftset=/mongodb.com/4#inet#fw4#vpn_domains_en
nftset=/monoprice.com/4#inet#fw4#vpn_domains_en
nftset=/more.fm/4#inet#fw4#vpn_domains_en
nftset=/moscowtimes.ru/4#inet#fw4#vpn_domains_en
nftset=/mouser.fi/4#inet#fw4#vpn_domains_en
nftset=/mssg.me/4#inet#fw4#vpn_domains_en
nftset=/mullvad.net/4#inet#fw4#vpn_domains_en
nftset=/multporn.net/4#inet#fw4#vpn_domains_en
nftset=/muscdn.com/4#inet#fw4#vpn_domains_en
nftset=/musical.ly/4#inet#fw4#vpn_domains_en
nftset=/musixmatch.com/4#inet#fw4#vpn_domains_en
nftset=/mw2.wiki/4#inet#fw4#vpn_domains_en
nftset=/mydoramy.club/4#inet#fw4#vpn_domains_en
nftset=/myheritage.com/4#inet#fw4#vpn_domains_en
nftset=/myjetbrains.com/4#inet#fw4#vpn_domains_en
nftset=/myparallels.com/4#inet#fw4#vpn_domains_en
nftset=/myqrcode.com/4#inet#fw4#vpn_domains_en
nftset=/navalny.com/4#inet#fw4#vpn_domains_en
nftset=/nba.com/4#inet#fw4#vpn_domains_en
nftset=/neformat.com.ua/4#inet#fw4#vpn_domains_en
nftset=/neo4j.com/4#inet#fw4#vpn_domains_en
nftset=/netflix.ca/4#inet#fw4#vpn_domains_en
nftset=/netflix.com/4#inet#fw4#vpn_domains_en
nftset=/netflix.net/4#inet#fw4#vpn_domains_en
nftset=/netflixinvestor.com/4#inet#fw4#vpn_domains_en
nftset=/netflixtechblog.com/4#inet#fw4#vpn_domains_en
nftset=/netlify.com/4#inet#fw4#vpn_domains_en
nftset=/networksolutions.com/4#inet#fw4#vpn_domains_en
nftset=/newark.com/4#inet#fw4#vpn_domains_en
nftset=/newsroom.porsche.com/4#inet#fw4#vpn_domains_en
nftset=/newsru.co.il/4#inet#fw4#vpn_domains_en
nftset=/newsru.com/4#inet#fw4#vpn_domains_en
nftset=/newtimes.ru/4#inet#fw4#vpn_domains_en
nftset=/nfl.com/4#inet#fw4#vpn_domains_en
nftset=/nflxext.com/4#inet#fw4#vpn_domains_en
nftset=/nflximg.com/4#inet#fw4#vpn_domains_en
nftset=/nflximg.net/4#inet#fw4#vpn_domains_en
nftset=/nflxsearch.net/4#inet#fw4#vpn_domains_en
nftset=/nflxso.net/4#inet#fw4#vpn_domains_en
nftset=/nflxvideo.net/4#inet#fw4#vpn_domains_en
nftset=/ngrok.com/4#inet#fw4#vpn_domains_en
nftset=/nhentai.com/4#inet#fw4#vpn_domains_en
nftset=/nhentai.net/4#inet#fw4#vpn_domains_en
nftset=/nhl.com/4#inet#fw4#vpn_domains_en
nftset=/nih.gov/4#inet#fw4#vpn_domains_en
nftset=/nike.com/4#inet#fw4#vpn_domains_en
nftset=/nippon.com/4#inet#fw4#vpn_domains_en
nftset=/nitropdf.com/4#inet#fw4#vpn_domains_en
nftset=/nnmclub.to/4#inet#fw4#vpn_domains_en
nftset=/nnmstatic.win/4#inet#fw4#vpn_domains_en
nftset=/nordaccount.com/4#inet#fw4#vpn_domains_en
nftset=/nordcdn.com/4#inet#fw4#vpn_domains_en
nftset=/nordvpn.com/4#inet#fw4#vpn_domains_en
nftset=/notepad-plus-plus.org/4#inet#fw4#vpn_domains_en
nftset=/notion-emojis.s3-us-west-2.amazonaws.com/4#inet#fw4#vpn_domains_en
nftset=/notion-static.com/4#inet#fw4#vpn_domains_en
nftset=/notion.com/4#inet#fw4#vpn_domains_en
nftset=/notion.new/4#inet#fw4#vpn_domains_en
nftset=/notion.site/4#inet#fw4#vpn_domains_en
nftset=/notion.so/4#inet#fw4#vpn_domains_en
nftset=/novaline.fm/4#inet#fw4#vpn_domains_en
nftset=/novaya.no/4#inet#fw4#vpn_domains_en
nftset=/novayagazeta.eu/4#inet#fw4#vpn_domains_en
nftset=/novayagazeta.ru/4#inet#fw4#vpn_domains_en
nftset=/ntc.party/4#inet#fw4#vpn_domains_en
nftset=/ntp.msn.com/4#inet#fw4#vpn_domains_en
nftset=/nxp.com/4#inet#fw4#vpn_domains_en
nftset=/oaistatic.com/4#inet#fw4#vpn_domains_en
nftset=/oaiusercontent.com/4#inet#fw4#vpn_domains_en
nftset=/ocstore.com/4#inet#fw4#vpn_domains_en
nftset=/oculus.com/4#inet#fw4#vpn_domains_en
nftset=/ohmyswift.ru/4#inet#fw4#vpn_domains_en
nftset=/oi.legal/4#inet#fw4#vpn_domains_en
nftset=/okx.com/4#inet#fw4#vpn_domains_en
nftset=/olx.ua/4#inet#fw4#vpn_domains_en
nftset=/omnissa.com/4#inet#fw4#vpn_domains_en
nftset=/omv-extras.org/4#inet#fw4#vpn_domains_en
nftset=/onfastspring.com/4#inet#fw4#vpn_domains_en
nftset=/onlinesim.io/4#inet#fw4#vpn_domains_en
nftset=/onshape.com/4#inet#fw4#vpn_domains_en
nftset=/openai.com/4#inet#fw4#vpn_domains_en
nftset=/openh264.org/4#inet#fw4#vpn_domains_en
nftset=/openmedia.io/4#inet#fw4#vpn_domains_en
nftset=/openrouter.ai/4#inet#fw4#vpn_domains_en
nftset=/opensanctions.org/4#inet#fw4#vpn_domains_en
nftset=/opensea.io/4#inet#fw4#vpn_domains_en
nftset=/opposition-news.com/4#inet#fw4#vpn_domains_en
nftset=/oracle.com/4#inet#fw4#vpn_domains_en
nftset=/ovd.info/4#inet#fw4#vpn_domains_en
nftset=/ovd.legal/4#inet#fw4#vpn_domains_en
nftset=/ovd.news/4#inet#fw4#vpn_domains_en
nftset=/ovdinfo.org/4#inet#fw4#vpn_domains_en
nftset=/ozodi.org/4#inet#fw4#vpn_domains_en
nftset=/pages.dev/4#inet#fw4#vpn_domains_en
nftset=/pap.pl/4#inet#fw4#vpn_domains_en
nftset=/paperpaper.io/4#inet#fw4#vpn_domains_en
nftset=/paperpaper.ru/4#inet#fw4#vpn_domains_en
nftset=/parallels.cn/4#inet#fw4#vpn_domains_en
nftset=/parallels.com/4#inet#fw4#vpn_domains_en
nftset=/parallels.net/4#inet#fw4#vpn_domains_en
nftset=/parallelsaccess.com/4#inet#fw4#vpn_domains_en
nftset=/patreon.com/4#inet#fw4#vpn_domains_en
nftset=/patriot.dp.ua/4#inet#fw4#vpn_domains_en
nftset=/pb.wtf/4#inet#fw4#vpn_domains_en
nftset=/pcgamesn.com/4#inet#fw4#vpn_domains_en
nftset=/pcmag.com/4#inet#fw4#vpn_domains_en
nftset=/penguin.com/4#inet#fw4#vpn_domains_en
nftset=/penguinrandomhouse.com/4#inet#fw4#vpn_domains_en
nftset=/periscope.tv/4#inet#fw4#vpn_domains_en
nftset=/pexels.com/4#inet#fw4#vpn_domains_en
nftset=/phncdn.com/4#inet#fw4#vpn_domains_en
nftset=/phncdn.com.sds.rncdn7.com/4#inet#fw4#vpn_domains_en
nftset=/pimpletv.ru/4#inet#fw4#vpn_domains_en
nftset=/pingdom.com/4#inet#fw4#vpn_domains_en
nftset=/piratbit.top/4#inet#fw4#vpn_domains_en
nftset=/pkgs.tailscale.com/4#inet#fw4#vpn_domains_en
nftset=/platform.activestate.com/4#inet#fw4#vpn_domains_en
nftset=/playboy.com/4#inet#fw4#vpn_domains_en
nftset=/plugshare.com/4#inet#fw4#vpn_domains_en
nftset=/polit.ru/4#inet#fw4#vpn_domains_en
nftset=/politico.eu/4#inet#fw4#vpn_domains_en
nftset=/politiken.dk/4#inet#fw4#vpn_domains_en
nftset=/polymarket.com/4#inet#fw4#vpn_domains_en
nftset=/pornhub.com/4#inet#fw4#vpn_domains_en
nftset=/pornhub.org/4#inet#fw4#vpn_domains_en
nftset=/pornolab.net/4#inet#fw4#vpn_domains_en
nftset=/portal.lviv.ua/4#inet#fw4#vpn_domains_en
nftset=/posle.media/4#inet#fw4#vpn_domains_en
nftset=/postimees.ee/4#inet#fw4#vpn_domains_en
nftset=/pravda.com/4#inet#fw4#vpn_domains_en
nftset=/pravda.com.ua/4#inet#fw4#vpn_domains_en
nftset=/premierleague.com/4#inet#fw4#vpn_domains_en
nftset=/primevideo.com/4#inet#fw4#vpn_domains_en
nftset=/privatekeys.pw/4#inet#fw4#vpn_domains_en
nftset=/prnt.sc/4#inet#fw4#vpn_domains_en
nftset=/production-openaicom-storage.azureedge.net/4#inet#fw4#vpn_domains_en
nftset=/proekt.media/4#inet#fw4#vpn_domains_en
nftset=/prosleduetmedia.com/4#inet#fw4#vpn_domains_en
nftset=/prostovpn.org/4#inet#fw4#vpn_domains_en
nftset=/proton.me/4#inet#fw4#vpn_domains_en
nftset=/protonvpn.com/4#inet#fw4#vpn_domains_en
nftset=/provereno.media/4#inet#fw4#vpn_domains_en
nftset=/prowlarr.com/4#inet#fw4#vpn_domains_en
nftset=/pscp.tv/4#inet#fw4#vpn_domains_en
nftset=/psiphon.ca/4#inet#fw4#vpn_domains_en
nftset=/public.parsec.app/4#inet#fw4#vpn_domains_en
nftset=/qt.io/4#inet#fw4#vpn_domains_en
nftset=/quora.com/4#inet#fw4#vpn_domains_en
nftset=/quora.com.cdn.cloudflare.net/4#inet#fw4#vpn_domains_en
nftset=/r4.err.ee/4#inet#fw4#vpn_domains_en
nftset=/radiosakharov.org/4#inet#fw4#vpn_domains_en
nftset=/radiosvoboda.org/4#inet#fw4#vpn_domains_en
nftset=/rbc.ua/4#inet#fw4#vpn_domains_en
nftset=/reactflow.dev/4#inet#fw4#vpn_domains_en
nftset=/realist.online/4#inet#fw4#vpn_domains_en
nftset=/recraft.ai/4#inet#fw4#vpn_domains_en
nftset=/reddxxx.com/4#inet#fw4#vpn_domains_en
nftset=/redgifs.com/4#inet#fw4#vpn_domains_en
nftset=/redis.io/4#inet#fw4#vpn_domains_en
nftset=/redislabs.com/4#inet#fw4#vpn_domains_en
nftset=/redshieldvpn.com/4#inet#fw4#vpn_domains_en
nftset=/refactoring.guru/4#inet#fw4#vpn_domains_en
nftset=/remna.st/4#inet#fw4#vpn_domains_en
nftset=/remove.bg/4#inet#fw4#vpn_domains_en
nftset=/render-state.to/4#inet#fw4#vpn_domains_en
nftset=/rentry.co/4#inet#fw4#vpn_domains_en
nftset=/rentry.org/4#inet#fw4#vpn_domains_en
nftset=/republic.ru/4#inet#fw4#vpn_domains_en
nftset=/research.net/4#inet#fw4#vpn_domains_en
nftset=/returnyoutubedislikeapi.com/4#inet#fw4#vpn_domains_ru
nftset=/reve.art/4#inet#fw4#vpn_domains_en
nftset=/rezka-ua.in/4#inet#fw4#vpn_domains_en
nftset=/rezka.ag/4#inet#fw4#vpn_domains_en
nftset=/rezka.my/4#inet#fw4#vpn_domains_en
nftset=/rezkify.com/4#inet#fw4#vpn_domains_en
nftset=/rezonans.media/4#inet#fw4#vpn_domains_en
nftset=/rf.dobrochan.net/4#inet#fw4#vpn_domains_en
nftset=/rferl.org/4#inet#fw4#vpn_domains_en
nftset=/rima.media/4#inet#fw4#vpn_domains_en
nftset=/riperam.org/4#inet#fw4#vpn_domains_en
nftset=/riseup.net/4#inet#fw4#vpn_domains_en
nftset=/roar-review.com/4#inet#fw4#vpn_domains_en
nftset=/root-nation.com/4#inet#fw4#vpn_domains_en
nftset=/roskomsvoboda.org/4#inet#fw4#vpn_domains_en
nftset=/rublacklist.net/4#inet#fw4#vpn_domains_en
nftset=/rule34.art/4#inet#fw4#vpn_domains_en
nftset=/rule34.xxx/4#inet#fw4#vpn_domains_en
nftset=/rus.delfi.ee/4#inet#fw4#vpn_domains_en
nftset=/rus.jauns.lv/4#inet#fw4#vpn_domains_en
nftset=/rutor.info/4#inet#fw4#vpn_domains_en
nftset=/rutor.is/4#inet#fw4#vpn_domains_en
nftset=/rutor.org/4#inet#fw4#vpn_domains_en
nftset=/rutracker.cc/4#inet#fw4#vpn_domains_en
nftset=/rutracker.net/4#inet#fw4#vpn_domains_en
nftset=/rutracker.org/4#inet#fw4#vpn_domains_en
nftset=/rutracker.wiki/4#inet#fw4#vpn_domains_en
nftset=/sakhalin.info/4#inet#fw4#vpn_domains_en
nftset=/sakharovfoundation.org/4#inet#fw4#vpn_domains_en
nftset=/salesforce-experience.com/4#inet#fw4#vpn_domains_en
nftset=/salesforce-hub.com/4#inet#fw4#vpn_domains_en
nftset=/salesforce-scrt.com/4#inet#fw4#vpn_domains_en
nftset=/salesforce-setup.com/4#inet#fw4#vpn_domains_en
nftset=/salesforce-sites.com/4#inet#fw4#vpn_domains_en
nftset=/salesforce.com/4#inet#fw4#vpn_domains_en
nftset=/salesforceiq.com/4#inet#fw4#vpn_domains_en
nftset=/salesforceliveagent.com/4#inet#fw4#vpn_domains_en
nftset=/sap.com/4#inet#fw4#vpn_domains_en
nftset=/saverudata.net/4#inet#fw4#vpn_domains_en
nftset=/sci-hub.se/4#inet#fw4#vpn_domains_en
nftset=/sci-hub.st/4#inet#fw4#vpn_domains_en
nftset=/sdxcentral.com/4#inet#fw4#vpn_domains_en
nftset=/searchfloor.org/4#inet#fw4#vpn_domains_en
nftset=/seasonvar.ru/4#inet#fw4#vpn_domains_en
nftset=/selezen.org/4#inet#fw4#vpn_domains_en
nftset=/semnasem.org/4#inet#fw4#vpn_domains_en
nftset=/semrush.com/4#inet#fw4#vpn_domains_en
nftset=/sentry.dev/4#inet#fw4#vpn_domains_en
nftset=/sentry.io/4#inet#fw4#vpn_domains_en
nftset=/sephora.com/4#inet#fw4#vpn_domains_en
nftset=/servarr.com/4#inet#fw4#vpn_domains_en
nftset=/severreal.org/4#inet#fw4#vpn_domains_en
nftset=/sfdcopens.com/4#inet#fw4#vpn_domains_en
nftset=/shikimori.me/4#inet#fw4#vpn_domains_en
nftset=/shinyhardware.co.uk/4#inet#fw4#vpn_domains_en
nftset=/shiza-project.com/4#inet#fw4#vpn_domains_en
nftset=/shop.gameloft.com/4#inet#fw4#vpn_domains_en
nftset=/showip.net/4#inet#fw4#vpn_domains_en
nftset=/sibreal.org/4#inet#fw4#vpn_domains_en
nftset=/signal.org/4#inet#fw4#vpn_domains_en
nftset=/simplex.chat/4#inet#fw4#vpn_domains_en
nftset=/simplex.im/4#inet#fw4#vpn_domains_en
nftset=/simplix.info/4#inet#fw4#vpn_domains_en
nftset=/singlekey-id.com/4#inet#fw4#vpn_domains_en
nftset=/site.com/4#inet#fw4#vpn_domains_en
nftset=/skat.media/4#inet#fw4#vpn_domains_en
nftset=/sketchup.com/4#inet#fw4#vpn_domains_en
nftset=/skiff.com/4#inet#fw4#vpn_domains_en
nftset=/skladchik.com/4#inet#fw4#vpn_domains_en
nftset=/sklatchiki.ru/4#inet#fw4#vpn_domains_en
nftset=/sky.com/4#inet#fw4#vpn_domains_en
nftset=/skycdp.com/4#inet#fw4#vpn_domains_en
nftset=/slashlib.me/4#inet#fw4#vpn_domains_en
nftset=/slavicsac.com/4#inet#fw4#vpn_domains_en
nftset=/slifki.biz/4#inet#fw4#vpn_domains_en
nftset=/smartbear.co/4#inet#fw4#vpn_domains_en
nftset=/smartbear.com/4#inet#fw4#vpn_domains_en
nftset=/smartdeploy.com/4#inet#fw4#vpn_domains_en
nftset=/sndcdn.com/4#inet#fw4#vpn_domains_en
nftset=/snort.org/4#inet#fw4#vpn_domains_en
nftset=/snyk.io/4#inet#fw4#vpn_domains_en
nftset=/sobesednik.com/4#inet#fw4#vpn_domains_en
nftset=/solarwinds.com/4#inet#fw4#vpn_domains_en
nftset=/sora.com/4#inet#fw4#vpn_domains_en
nftset=/sotaproject.com/4#inet#fw4#vpn_domains_en
nftset=/soundcloud.cloud/4#inet#fw4#vpn_domains_en
nftset=/soundcloud.com/4#inet#fw4#vpn_domains_en
nftset=/sovetromantica.com/4#inet#fw4#vpn_domains_en
nftset=/spacelift.io/4#inet#fw4#vpn_domains_en
nftset=/speedtest.net/4#inet#fw4#vpn_domains_en
nftset=/spektr.press/4#inet#fw4#vpn_domains_en
nftset=/spiceworks.com/4#inet#fw4#vpn_domains_en
nftset=/spiegel.de/4#inet#fw4#vpn_domains_en
nftset=/spitfireaudio.com/4#inet#fw4#vpn_domains_en
nftset=/spotify.com/4#inet#fw4#vpn_domains_en
nftset=/spreadthesign.com/4#inet#fw4#vpn_domains_en
nftset=/sputnikipogrom.com/4#inet#fw4#vpn_domains_en
nftset=/squadbustersgame.com/4#inet#fw4#vpn_domains_en
nftset=/squareup.com/4#inet#fw4#vpn_domains_en
nftset=/squietpc.com/4#inet#fw4#vpn_domains_en
nftset=/startpage.com/4#inet#fw4#vpn_domains_en
nftset=/static.lostfilm.top/4#inet#fw4#vpn_domains_en
nftset=/statology.org/4#inet#fw4#vpn_domains_en
nftset=/steamstat.info/4#inet#fw4#vpn_domains_en
nftset=/strana.news/4#inet#fw4#vpn_domains_en
nftset=/strana.today/4#inet#fw4#vpn_domains_en
nftset=/strava.com/4#inet#fw4#vpn_domains_en
nftset=/supercell.com/4#inet#fw4#vpn_domains_en
nftset=/supersliv.biz/4#inet#fw4#vpn_domains_en
nftset=/support.xerox.com/4#inet#fw4#vpn_domains_en
nftset=/surfshark.com/4#inet#fw4#vpn_domains_en
nftset=/surveymonkey.com/4#inet#fw4#vpn_domains_en
nftset=/suspilne.media/4#inet#fw4#vpn_domains_en
nftset=/svidomi.in.ua/4#inet#fw4#vpn_domains_en
nftset=/svoboda.org/4#inet#fw4#vpn_domains_en
nftset=/svoi.kr.ua/4#inet#fw4#vpn_domains_en
nftset=/svtv.org/4#inet#fw4#vpn_domains_en
nftset=/swagger.io/4#inet#fw4#vpn_domains_en
nftset=/swissinfo.ch/4#inet#fw4#vpn_domains_en
nftset=/synoforum.com/4#inet#fw4#vpn_domains_en
nftset=/t-invariant.org/4#inet#fw4#vpn_domains_en
nftset=/t.co/4#inet#fw4#vpn_domains_en
nftset=/tableau.com/4#inet#fw4#vpn_domains_en
nftset=/talosintelligence.com/4#inet#fw4#vpn_domains_en
nftset=/tayga.info/4#inet#fw4#vpn_domains_en
nftset=/te-st.org/4#inet#fw4#vpn_domains_en
nftset=/teamviewer.com/4#inet#fw4#vpn_domains_en
nftset=/techbargains.com/4#inet#fw4#vpn_domains_en
nftset=/telegraf.by/4#inet#fw4#vpn_domains_en
nftset=/telegraf.news/4#inet#fw4#vpn_domains_en
nftset=/telegraph.co.uk/4#inet#fw4#vpn_domains_en
nftset=/telemetr.io/4#inet#fw4#vpn_domains_en
nftset=/tellapart.com/4#inet#fw4#vpn_domains_en
nftset=/tempmail.plus/4#inet#fw4#vpn_domains_en
nftset=/temu.com/4#inet#fw4#vpn_domains_en
nftset=/terraform.io/4#inet#fw4#vpn_domains_en
nftset=/the-village.ru/4#inet#fw4#vpn_domains_en
nftset=/theaudiodb.com/4#inet#fw4#vpn_domains_en
nftset=/thebarentsobserver.com/4#inet#fw4#vpn_domains_en
nftset=/thebell.io/4#inet#fw4#vpn_domains_en
nftset=/theins.press/4#inet#fw4#vpn_domains_en
nftset=/theins.ru/4#inet#fw4#vpn_domains_en
nftset=/themoviedb.org/4#inet#fw4#vpn_domains_en
nftset=/thepiratebay.org/4#inet#fw4#vpn_domains_en
nftset=/thetruestory.news/4#inet#fw4#vpn_domains_en
nftset=/threads.net/4#inet#fw4#vpn_domains_en
nftset=/threema.ch/4#inet#fw4#vpn_domains_en
nftset=/ti.com/4#inet#fw4#vpn_domains_en
nftset=/tidal.com/4#inet#fw4#vpn_domains_en
nftset=/tik-tokapi.com/4#inet#fw4#vpn_domains_en
nftset=/tiktok.com/4#inet#fw4#vpn_domains_en
nftset=/tiktokcdn-eu.com/4#inet#fw4#vpn_domains_en
nftset=/tiktokcdn-us.com/4#inet#fw4#vpn_domains_en
nftset=/tiktokcdn.com/4#inet#fw4#vpn_domains_en
nftset=/tiktokd.net/4#inet#fw4#vpn_domains_en
nftset=/tiktokd.org/4#inet#fw4#vpn_domains_en
nftset=/tiktokv.com/4#inet#fw4#vpn_domains_en
nftset=/tiktokv.us/4#inet#fw4#vpn_domains_en
nftset=/tiktokw.us/4#inet#fw4#vpn_domains_en
nftset=/timberland.de/4#inet#fw4#vpn_domains_en
nftset=/tiptop-vpn.com/4#inet#fw4#vpn_domains_en
nftset=/tmdb-image-prod.b-cdn.net/4#inet#fw4#vpn_domains_en
nftset=/tmdb.com/4#inet#fw4#vpn_domains_en
nftset=/tmdb.org/4#inet#fw4#vpn_domains_en
nftset=/toolbox.app/4#inet#fw4#vpn_domains_en
nftset=/torproject.org/4#inet#fw4#vpn_domains_en
nftset=/torrenteditor.com/4#inet#fw4#vpn_domains_en
nftset=/torrentgalaxy.to/4#inet#fw4#vpn_domains_en
nftset=/trae.ai/4#inet#fw4#vpn_domains_en
nftset=/trailblazer.me/4#inet#fw4#vpn_domains_en
nftset=/trailhead.com/4#inet#fw4#vpn_domains_en
nftset=/trellix.com/4#inet#fw4#vpn_domains_en
nftset=/trueblackmetalradio.com/4#inet#fw4#vpn_domains_en
nftset=/truthsocial.com/4#inet#fw4#vpn_domains_en
nftset=/tsmc.com/4#inet#fw4#vpn_domains_en
nftset=/ttwstatic.com/4#inet#fw4#vpn_domains_en
nftset=/turbobit.net/4#inet#fw4#vpn_domains_en
nftset=/tuta.com/4#inet#fw4#vpn_domains_en
nftset=/tuta.io/4#inet#fw4#vpn_domains_en
nftset=/tutanota.com/4#inet#fw4#vpn_domains_en
nftset=/tvfreedom.io/4#inet#fw4#vpn_domains_en
nftset=/tvrain.ru/4#inet#fw4#vpn_domains_en
nftset=/tvrain.tv/4#inet#fw4#vpn_domains_en
nftset=/tweetdeck.com/4#inet#fw4#vpn_domains_en
nftset=/twimg.com/4#inet#fw4#vpn_domains_en
nftset=/twirpx.com/4#inet#fw4#vpn_domains_en
nftset=/twitpic.com/4#inet#fw4#vpn_domains_en
nftset=/twitter.biz/4#inet#fw4#vpn_domains_en
nftset=/twitter.com/4#inet#fw4#vpn_domains_en
nftset=/twitter.jp/4#inet#fw4#vpn_domains_en
nftset=/twittercommunity.com/4#inet#fw4#vpn_domains_en
nftset=/twitterflightschool.com/4#inet#fw4#vpn_domains_en
nftset=/twitterinc.com/4#inet#fw4#vpn_domains_en
nftset=/twitteroauth.com/4#inet#fw4#vpn_domains_en
nftset=/twitterstat.us/4#inet#fw4#vpn_domains_en
nftset=/twtrdns.net/4#inet#fw4#vpn_domains_en
nftset=/twttr.com/4#inet#fw4#vpn_domains_en
nftset=/twttr.net/4#inet#fw4#vpn_domains_en
nftset=/twvid.com/4#inet#fw4#vpn_domains_en
nftset=/typing.com/4#inet#fw4#vpn_domains_en
nftset=/uaudio.com/4#inet#fw4#vpn_domains_en
nftset=/ui.ill.in.ua/4#inet#fw4#vpn_domains_en
nftset=/ukr.net/4#inet#fw4#vpn_domains_en
nftset=/ukr.radio/4#inet#fw4#vpn_domains_en
nftset=/ukrtelcdn.net/4#inet#fw4#vpn_domains_en
nftset=/unian.ua/4#inet#fw4#vpn_domains_en
nftset=/unscreen.com/4#inet#fw4#vpn_domains_en
nftset=/upwork.com/4#inet#fw4#vpn_domains_en
nftset=/usa.one/4#inet#fw4#vpn_domains_en
nftset=/usatoday.com/4#inet#fw4#vpn_domains_en
nftset=/usher.ttvnw.net/4#inet#fw4#vpn_domains_en
nftset=/vagrantcloud.com/4#inet#fw4#vpn_domains_en
nftset=/veeam.com/4#inet#fw4#vpn_domains_en
nftset=/verstka.media/4#inet#fw4#vpn_domains_en
nftset=/vesma.one/4#inet#fw4#vpn_domains_en
nftset=/vesma.today/4#inet#fw4#vpn_domains_en
nftset=/vesty.co.il/4#inet#fw4#vpn_domains_en
nftset=/viber.com/4#inet#fw4#vpn_domains_en
nftset=/vice.com/4#inet#fw4#vpn_domains_en
nftset=/vine.co/4#inet#fw4#vpn_domains_en
nftset=/vipergirls.to/4#inet#fw4#vpn_domains_en
nftset=/visualcapitalist.com/4#inet#fw4#vpn_domains_en
nftset=/vmware.com/4#inet#fw4#vpn_domains_en
nftset=/vndb.org/4#inet#fw4#vpn_domains_en
nftset=/voanews.com/4#inet#fw4#vpn_domains_en
nftset=/voidboost.cc/4#inet#fw4#vpn_domains_en
nftset=/volkswagen-classic-parts.com/4#inet#fw4#vpn_domains_en
nftset=/vot-tak.tv/4#inet#fw4#vpn_domains_en
nftset=/vpngate.net/4#inet#fw4#vpn_domains_en
nftset=/vpngen.org/4#inet#fw4#vpn_domains_en
nftset=/vpnlove.me/4#inet#fw4#vpn_domains_en
nftset=/vpnpay.io/4#inet#fw4#vpn_domains_en
nftset=/vyos.io/4#inet#fw4#vpn_domains_en
nftset=/w.atwiki.jp/4#inet#fw4#vpn_domains_en
nftset=/walmart.com/4#inet#fw4#vpn_domains_en
nftset=/watchguard.com/4#inet#fw4#vpn_domains_en
nftset=/watermarkremover.io/4#inet#fw4#vpn_domains_en
nftset=/wbgames.com/4#inet#fw4#vpn_domains_en
nftset=/weather.com/4#inet#fw4#vpn_domains_en
nftset=/webnames.ca/4#inet#fw4#vpn_domains_en
nftset=/webtoons.com/4#inet#fw4#vpn_domains_en
nftset=/weebly.com/4#inet#fw4#vpn_domains_en
nftset=/welt.de/4#inet#fw4#vpn_domains_en
nftset=/widgetapp.stream/4#inet#fw4#vpn_domains_en
nftset=/wiki.fextralife.com/4#inet#fw4#vpn_domains_en
nftset=/wikidot.com/4#inet#fw4#vpn_domains_en
nftset=/wilsoncenter.org/4#inet#fw4#vpn_domains_en
nftset=/windows10spotlight.com/4#inet#fw4#vpn_domains_en
nftset=/windsurf.com/4#inet#fw4#vpn_domains_en
nftset=/wonderzine.com/4#inet#fw4#vpn_domains_en
nftset=/wpengine.com/4#inet#fw4#vpn_domains_en
nftset=/wunderground.com/4#inet#fw4#vpn_domains_en
nftset=/www3.corsair.com/4#inet#fw4#vpn_domains_en
nftset=/x.ai/4#inet#fw4#vpn_domains_en
nftset=/x.com/4#inet#fw4#vpn_domains_en
nftset=/xhamster.com/4#inet#fw4#vpn_domains_en
nftset=/xhamsterlive.com/4#inet#fw4#vpn_domains_en
nftset=/xhcdn.com/4#inet#fw4#vpn_domains_en
nftset=/xnxx-cdn.com/4#inet#fw4#vpn_domains_en
nftset=/xnxx.com/4#inet#fw4#vpn_domains_en
nftset=/xnxx.net/4#inet#fw4#vpn_domains_en
nftset=/xnxx.tv/4#inet#fw4#vpn_domains_en
nftset=/xnxx3.com/4#inet#fw4#vpn_domains_en
nftset=/xsts.auth.xboxlive.com/4#inet#fw4#vpn_domains_en
nftset=/xtracloud.net/4#inet#fw4#vpn_domains_en
nftset=/xv-ru.com/4#inet#fw4#vpn_domains_en
nftset=/xvideos-cdn.com/4#inet#fw4#vpn_domains_en
nftset=/xvideos.com/4#inet#fw4#vpn_domains_en
nftset=/yande.re/4#inet#fw4#vpn_domains_en
nftset=/yeggi.com/4#inet#fw4#vpn_domains_en
nftset=/yle.fi/4#inet#fw4#vpn_domains_en
nftset=/youtrack.cloud/4#inet#fw4#vpn_domains_en
nftset=/youtu.be/4#inet#fw4#vpn_domains_ru
nftset=/youtube-nocookie.com/4#inet#fw4#vpn_domains_ru
nftset=/youtube.com/4#inet#fw4#vpn_domains_ru
nftset=/youtubekids.com/4#inet#fw4#vpn_domains_ru
nftset=/ytimg.com/4#inet#fw4#vpn_domains_ru
nftset=/yting.com/4#inet#fw4#vpn_domains_en
nftset=/yummyani.me/4#inet#fw4#vpn_domains_en
nftset=/zahav.ru/4#inet#fw4#vpn_domains_en
nftset=/zapier.com/4#inet#fw4#vpn_domains_en
nftset=/zbigz.com/4#inet#fw4#vpn_domains_en
nftset=/zedge.net/4#inet#fw4#vpn_domains_en
nftset=/zendesk.com/4#inet#fw4#vpn_domains_en
nftset=/zerkalo.io/4#inet#fw4#vpn_domains_en
nftset=/zona.media/4#inet#fw4#vpn_domains_en
nftset=/2ip.ru/4#inet#fw4#vpn_domains_ru
nftset=/2ip.io/4#inet#fw4#vpn_domains_en
nftset=/erome.com/4#inet#fw4#vpn_domains_en
nftset=/motherless.com/4#inet#fw4#vpn_domains_en
nftset=/bongacams.com/4#inet#fw4#vpn_domains_en
nftset=/bongacams.ru/4#inet#fw4#vpn_domains_en
nftset=/deepl.com/4#inet#fw4#vpn_domains_en
nftset=/cub.red/4#inet#fw4#vpn_domains_ru
nftset=/autodesk.com/4#inet#fw4#vpn_domains_en
nftset=/autodesk360.com/4#inet#fw4#vpn_domains_en
nftset=/cloudfront.net/4#inet#fw4#vpn_domains_en
nftset=/akamaiedge.net/4#inet#fw4#vpn_domains_en
nftset=/amazonaws.com/4#inet#fw4#vpn_domains_en
nftset=/akamai.com/4#inet#fw4#vpn_domains_en
nftset=/akamaitechnologies.com/4#inet#fw4#vpn_domains_en
nftset=/tracepartsonline.net/4#inet#fw4#vpn_domains_en
nftset=/mcmaster.com/4#inet#fw4#vpn_domains_en
nftset=/launchdarkly.com/4#inet#fw4#vpn_domains_en
nftset=/damassets.net/4#inet#fw4#vpn_domains_en
nftset=/googlevideo.com/4#inet#fw4#vpn_domains_ru
nftset=/wide-youtube.l.google.com/4#inet#fw4#vpn_domains_ru
nftset=/youtube-ui.l.google.com/4#inet#fw4#vpn_domains_ru
nftset=/youtubeembeddedplayer.googleapis.com/4#inet#fw4#vpn_domains_ru
nftset=/youtubei.googleapis.com/4#inet#fw4#vpn_domains_ru
nftset=/yt3.googleusercontent.com/4#inet#fw4#vpn_domains_ru
nftset=/ytimg.l.google.com/4#inet#fw4#vpn_domains_ru
