nftset=/.ua/4#inet#fw4#vpn_domains_en
nftset=/10minutemail.com/4#inet#fw4#vpn_domains_en
nftset=/1337x.to/4#inet#fw4#vpn_domains_en
nftset=/24.kg/4#inet#fw4#vpn_domains_en
nftset=/4freerussia.org/4#inet#fw4#vpn_domains_en
nftset=/4pda.ru/4#inet#fw4#vpn_domains_en
nftset=/4pda.to/4#inet#fw4#vpn_domains_en
nftset=/4pna.com/4#inet#fw4#vpn_domains_en
nftset=/7dniv.rv.ua/4#inet#fw4#vpn_domains_en
nftset=/9tv.co.il/4#inet#fw4#vpn_domains_en
nftset=/a-msedge.net/4#inet#fw4#vpn_domains_en
nftset=/abook-club.ru/4#inet#fw4#vpn_domains_en
nftset=/activatica.org/4#inet#fw4#vpn_domains_en
nftset=/adguard-dns.com/4#inet#fw4#vpn_domains_ru
nftset=/adguard.com/4#inet#fw4#vpn_domains_ru
nftset=/adobe.com/4#inet#fw4#vpn_domains_en
nftset=/adobe.io/4#inet#fw4#vpn_domains_en
nftset=/ads-twitter.com/4#inet#fw4#vpn_domains_en
nftset=/agents.media/4#inet#fw4#vpn_domains_en
nftset=/agentura.ru/4#inet#fw4#vpn_domains_en
nftset=/ahrefs.com/4#inet#fw4#vpn_domains_en
nftset=/alberta.ca/4#inet#fw4#vpn_domains_en
nftset=/allegro.pl/4#inet#fw4#vpn_domains_en
nftset=/alphacoders.com/4#inet#fw4#vpn_domains_en
nftset=/amazfitwatchfaces.com/4#inet#fw4#vpn_domains_en
nftset=/amazonaws.com/4#inet#fw4#vpn_domains_en
nftset=/amd.com/4#inet#fw4#vpn_domains_en
nftset=/amdm.ru/4#inet#fw4#vpn_domains_en
nftset=/amnezia.org/4#inet#fw4#vpn_domains_en
nftset=/amx.com/4#inet#fw4#vpn_domains_en
nftset=/analog.com/4#inet#fw4#vpn_domains_en
nftset=/anidub.com/4#inet#fw4#vpn_domains_en
nftset=/anilibria.tv/4#inet#fw4#vpn_domains_en
nftset=/annas-archive.org/4#inet#fw4#vpn_domains_en
nftset=/anthropic.com/4#inet#fw4#vpn_domains_en
nftset=/aplawrence.com/4#inet#fw4#vpn_domains_en
nftset=/appspot.com/4#inet#fw4#vpn_domains_en
nftset=/appstorrent.ru/4#inet#fw4#vpn_domains_en
nftset=/aqicn.org/4#inet#fw4#vpn_domains_en
nftset=/arbat.media/4#inet#fw4#vpn_domains_en
nftset=/archiveofourown.org/4#inet#fw4#vpn_domains_en
nftset=/atlassian.com/4#inet#fw4#vpn_domains_en
nftset=/atn.ua/4#inet#fw4#vpn_domains_en
nftset=/att.com/4#inet#fw4#vpn_domains_en
nftset=/avira.com/4#inet#fw4#vpn_domains_en
nftset=/azathabar.com/4#inet#fw4#vpn_domains_en
nftset=/azattyq.org/4#inet#fw4#vpn_domains_en
nftset=/babook.org/4#inet#fw4#vpn_domains_en
nftset=/baginya.org/4#inet#fw4#vpn_domains_en
nftset=/bard.google.com/4#inet#fw4#vpn_domains_en
nftset=/bato.to/4#inet#fw4#vpn_domains_en
nftset=/bbc.co.uk/4#inet#fw4#vpn_domains_en
nftset=/bbc.com/4#inet#fw4#vpn_domains_en
nftset=/bbci.co.uk/4#inet#fw4#vpn_domains_en
nftset=/bell-sw.com/4#inet#fw4#vpn_domains_en
nftset=/bellingcat.com/4#inet#fw4#vpn_domains_en
nftset=/bestbuy.com/4#inet#fw4#vpn_domains_en
nftset=/bgpmon.net/4#inet#fw4#vpn_domains_en
nftset=/bihus.info/4#inet#fw4#vpn_domains_en
nftset=/bing.com/4#inet#fw4#vpn_domains_en
nftset=/bitbucket.org/4#inet#fw4#vpn_domains_en
nftset=/bitcoin.org/4#inet#fw4#vpn_domains_en
nftset=/bitdefender.com/4#inet#fw4#vpn_domains_en
nftset=/bitru.org/4#inet#fw4#vpn_domains_en
nftset=/blackseanews.net/4#inet#fw4#vpn_domains_en
nftset=/bluehost.com/4#inet#fw4#vpn_domains_en
nftset=/booktracker.org/4#inet#fw4#vpn_domains_en
nftset=/boosteroid.com/4#inet#fw4#vpn_domains_en
nftset=/bosch-home.com/4#inet#fw4#vpn_domains_en
nftset=/bradyid.com/4#inet#fw4#vpn_domains_en
nftset=/brave.com/4#inet#fw4#vpn_domains_en
nftset=/brawlstarsgame.com/4#inet#fw4#vpn_domains_en
nftset=/buckaroo.nl/4#inet#fw4#vpn_domains_en
nftset=/buf.build/4#inet#fw4#vpn_domains_en
nftset=/bumble.com/4#inet#fw4#vpn_domains_en
nftset=/byteoversea.com/4#inet#fw4#vpn_domains_en
nftset=/cambiumnetworks.com/4#inet#fw4#vpn_domains_en
nftset=/canva.com/4#inet#fw4#vpn_domains_en
nftset=/capcut.com/4#inet#fw4#vpn_domains_en
nftset=/carnegieendowment.org/4#inet#fw4#vpn_domains_en
nftset=/cats.com/4#inet#fw4#vpn_domains_en
nftset=/cdninstagram.com/4#inet#fw4#vpn_domains_en
nftset=/cdw.com/4#inet#fw4#vpn_domains_en
nftset=/censortracker.org/4#inet#fw4#vpn_domains_en
nftset=/certifytheweb.com/4#inet#fw4#vpn_domains_en
nftset=/chatgpt.com/4#inet#fw4#vpn_domains_en
nftset=/cherta.media/4#inet#fw4#vpn_domains_en
nftset=/chess.com/4#inet#fw4#vpn_domains_en
nftset=/cisco.com/4#inet#fw4#vpn_domains_en
nftset=/citrix.com/4#inet#fw4#vpn_domains_en
nftset=/clamav.net/4#inet#fw4#vpn_domains_en
nftset=/claude.ai/4#inet#fw4#vpn_domains_en
nftset=/cloudex.cc/4#inet#fw4#vpn_domains_en
nftset=/cms-twdigitalassets.com/4#inet#fw4#vpn_domains_en
nftset=/cock.li/4#inet#fw4#vpn_domains_en
nftset=/coldfilm.xyz/4#inet#fw4#vpn_domains_en
nftset=/colta.ru/4#inet#fw4#vpn_domains_en
nftset=/copilot.microsoft.com/4#inet#fw4#vpn_domains_en
nftset=/coursera.org/4#inet#fw4#vpn_domains_en
nftset=/cpu-monkey.com/4#inet#fw4#vpn_domains_en
nftset=/crashlytics.com/4#inet#fw4#vpn_domains_en
nftset=/crunchyroll.com/4#inet#fw4#vpn_domains_en
nftset=/currenttime.tv/4#inet#fw4#vpn_domains_en
nftset=/cursorinfo.co.il/4#inet#fw4#vpn_domains_en
nftset=/cyberghostvpn.com/4#inet#fw4#vpn_domains_en
nftset=/cyxymu.info/4#inet#fw4#vpn_domains_en
nftset=/czx.to/4#inet#fw4#vpn_domains_en
nftset=/daemon-tools.cc/4#inet#fw4#vpn_domains_en
nftset=/decrypt.day/4#inet#fw4#vpn_domains_en
nftset=/deezer.com/4#inet#fw4#vpn_domains_en
nftset=/delfi.ee/4#inet#fw4#vpn_domains_en
nftset=/delfi.lt/4#inet#fw4#vpn_domains_en
nftset=/delfi.lv/4#inet#fw4#vpn_domains_en
nftset=/dell.com/4#inet#fw4#vpn_domains_en
nftset=/dellcdn.com/4#inet#fw4#vpn_domains_en
nftset=/depositphotos.com/4#inet#fw4#vpn_domains_en
nftset=/deviantart.com/4#inet#fw4#vpn_domains_en
nftset=/devops.com/4#inet#fw4#vpn_domains_en
nftset=/digitalcontent.sky/4#inet#fw4#vpn_domains_en
nftset=/digitalocean.com/4#inet#fw4#vpn_domains_en
nftset=/discours.io/4#inet#fw4#vpn_domains_en
nftset=/disctech.com/4#inet#fw4#vpn_domains_en
nftset=/dobrochan.net/4#inet#fw4#vpn_domains_en
nftset=/donmai.us/4#inet#fw4#vpn_domains_en
nftset=/dorama.live/4#inet#fw4#vpn_domains_en
nftset=/doramalive.ru/4#inet#fw4#vpn_domains_en
nftset=/doramy.club/4#inet#fw4#vpn_domains_en
nftset=/dovod.online/4#inet#fw4#vpn_domains_en
nftset=/doxa.team/4#inet#fw4#vpn_domains_en
nftset=/doxajournal.ru/4#inet#fw4#vpn_domains_en
nftset=/dpidetector.org/4#inet#fw4#vpn_domains_en
nftset=/dreamhost.com/4#inet#fw4#vpn_domains_en
nftset=/dw.com/4#inet#fw4#vpn_domains_en
nftset=/echofm.online/4#inet#fw4#vpn_domains_en
nftset=/ehorussia.com/4#inet#fw4#vpn_domains_en
nftset=/ej.ru/4#inet#fw4#vpn_domains_en
nftset=/ekhokavkaza.com/4#inet#fw4#vpn_domains_en
nftset=/elastic.co/4#inet#fw4#vpn_domains_en
nftset=/element14.com/4#inet#fw4#vpn_domains_en
nftset=/err.ee/4#inet#fw4#vpn_domains_en
nftset=/etsy.com/4#inet#fw4#vpn_domains_en
nftset=/euronews.com/4#inet#fw4#vpn_domains_en
nftset=/euroradio.fm/4#inet#fw4#vpn_domains_en
nftset=/eutrp.eu/4#inet#fw4#vpn_domains_en
nftset=/everand.com/4#inet#fw4#vpn_domains_en
nftset=/exler.ru/4#inet#fw4#vpn_domains_en
nftset=/expres.online/4#inet#fw4#vpn_domains_en
nftset=/f1.com/4#inet#fw4#vpn_domains_en
nftset=/f95zone.to/4#inet#fw4#vpn_domains_en
nftset=/facebook.com/4#inet#fw4#vpn_domains_en
nftset=/facebook.net/4#inet#fw4#vpn_domains_en
nftset=/fast-torrent.club/4#inet#fw4#vpn_domains_en
nftset=/fast.com/4#inet#fw4#vpn_domains_en
nftset=/fastly.net/4#inet#fw4#vpn_domains_en
nftset=/fb.com/4#inet#fw4#vpn_domains_en
nftset=/fbcdn.net/4#inet#fw4#vpn_domains_en
nftset=/fbsbx.com/4#inet#fw4#vpn_domains_en
nftset=/fex.net/4#inet#fw4#vpn_domains_en
nftset=/fextralife.com/4#inet#fw4#vpn_domains_en
nftset=/ficbook.net/4#inet#fw4#vpn_domains_en
nftset=/filmitorrent.net/4#inet#fw4#vpn_domains_en
nftset=/filmix.ac/4#inet#fw4#vpn_domains_en
nftset=/filmix.biz/4#inet#fw4#vpn_domains_en
nftset=/filmix.fm/4#inet#fw4#vpn_domains_en
nftset=/flibusta.is/4#inet#fw4#vpn_domains_en
nftset=/flir.com/4#inet#fw4#vpn_domains_en
nftset=/flir.eu/4#inet#fw4#vpn_domains_en
nftset=/fls.guru/4#inet#fw4#vpn_domains_en
nftset=/fluke.com/4#inet#fw4#vpn_domains_en
nftset=/flukenetworks.com/4#inet#fw4#vpn_domains_en
nftset=/fn-volga.ru/4#inet#fw4#vpn_domains_en
nftset=/fonge.org/4#inet#fw4#vpn_domains_en
nftset=/force-user-content.com/4#inet#fw4#vpn_domains_en
nftset=/force.com/4#inet#fw4#vpn_domains_en
nftset=/fork.pet/4#inet#fw4#vpn_domains_en
nftset=/forklog.com/4#inet#fw4#vpn_domains_en
nftset=/formula1.com/4#inet#fw4#vpn_domains_en
nftset=/fortanga.org/4#inet#fw4#vpn_domains_en
nftset=/freedomletters.org/4#inet#fw4#vpn_domains_en
nftset=/freeimages.com/4#inet#fw4#vpn_domains_en
nftset=/freemedia.io/4#inet#fw4#vpn_domains_en
nftset=/gagadget.com/4#inet#fw4#vpn_domains_en
nftset=/gamesrepack.com/4#inet#fw4#vpn_domains_en
nftset=/geforcenow.com/4#inet#fw4#vpn_domains_en
nftset=/gelbooru.com/4#inet#fw4#vpn_domains_en
nftset=/gemini.google.com/4#inet#fw4#vpn_domains_en
nftset=/geni.us/4#inet#fw4#vpn_domains_en
nftset=/genius.com/4#inet#fw4#vpn_domains_en
nftset=/germania.one/4#inet#fw4#vpn_domains_en
nftset=/getoutline.org/4#inet#fw4#vpn_domains_en
nftset=/gfn.am/4#inet#fw4#vpn_domains_en
nftset=/ggpht.com/4#inet#fw4#vpn_domains_ru
nftset=/gitlab.com/4#inet#fw4#vpn_domains_en
nftset=/gitlab.io/4#inet#fw4#vpn_domains_en
nftset=/glpals.com/4#inet#fw4#vpn_domains_en
nftset=/gnome-look.org/4#inet#fw4#vpn_domains_en
nftset=/godaddy.com/4#inet#fw4#vpn_domains_en
nftset=/gofile.io/4#inet#fw4#vpn_domains_en
nftset=/golosameriki.com/4#inet#fw4#vpn_domains_en
nftset=/gonitro.com/4#inet#fw4#vpn_domains_en
nftset=/goodreads.com/4#inet#fw4#vpn_domains_en
nftset=/googleapis.com/4#inet#fw4#vpn_domains_ru
nftset=/googletagmanager.com/4#inet#fw4#vpn_domains_ru
nftset=/googlevideo.com/4#inet#fw4#vpn_domains_ru
nftset=/gordonua.com/4#inet#fw4#vpn_domains_en
nftset=/gpsonextra.net/4#inet#fw4#vpn_domains_en
nftset=/gr-assets.com/4#inet#fw4#vpn_domains_en
nftset=/grafana.com/4#inet#fw4#vpn_domains_en
nftset=/grammarly.com/4#inet#fw4#vpn_domains_en
nftset=/grani.ru/4#inet#fw4#vpn_domains_en
nftset=/graty.me/4#inet#fw4#vpn_domains_en
nftset=/graylog.org/4#inet#fw4#vpn_domains_en
nftset=/grazie.ai/4#inet#fw4#vpn_domains_en
nftset=/groq.com/4#inet#fw4#vpn_domains_en
nftset=/gstatic.com/4#inet#fw4#vpn_domains_en
nftset=/gulagu.net/4#inet#fw4#vpn_domains_en
nftset=/habr.com/4#inet#fw4#vpn_domains_en
nftset=/hashicorp.com/4#inet#fw4#vpn_domains_en
nftset=/hdrezka.ag/4#inet#fw4#vpn_domains_en
nftset=/healthline.com/4#inet#fw4#vpn_domains_en
nftset=/hetzner.com/4#inet#fw4#vpn_domains_en
nftset=/holod.media/4#inet#fw4#vpn_domains_en
nftset=/home-connect.com/4#inet#fw4#vpn_domains_en
nftset=/hostgator.com/4#inet#fw4#vpn_domains_en
nftset=/hotels.com/4#inet#fw4#vpn_domains_en
nftset=/howlongtobeat.com/4#inet#fw4#vpn_domains_en
nftset=/hqporner.com/4#inet#fw4#vpn_domains_en
nftset=/hromadske.ua/4#inet#fw4#vpn_domains_en
nftset=/hrw.org/4#inet#fw4#vpn_domains_en
nftset=/hs.fi/4#inet#fw4#vpn_domains_en
nftset=/huawei.com/4#inet#fw4#vpn_domains_en
nftset=/hyperhost.ua/4#inet#fw4#vpn_domains_en
nftset=/ibm.com/4#inet#fw4#vpn_domains_en
nftset=/ibytedtos.com/4#inet#fw4#vpn_domains_en
nftset=/idelreal.org/4#inet#fw4#vpn_domains_en
nftset=/ig.me/4#inet#fw4#vpn_domains_en
nftset=/ign.com/4#inet#fw4#vpn_domains_en
nftset=/iherb.com/4#inet#fw4#vpn_domains_en
nftset=/iichan.hk/4#inet#fw4#vpn_domains_en
nftset=/ill.in.ua/4#inet#fw4#vpn_domains_en
nftset=/ilook.tv/4#inet#fw4#vpn_domains_en
nftset=/important-stories.com/4#inet#fw4#vpn_domains_en
nftset=/infineon.com/4#inet#fw4#vpn_domains_en
nftset=/instagram.com/4#inet#fw4#vpn_domains_en
nftset=/intel.com/4#inet#fw4#vpn_domains_en
nftset=/intel.de/4#inet#fw4#vpn_domains_en
nftset=/intellij.net/4#inet#fw4#vpn_domains_en
nftset=/interactivebrokers.co.uk/4#inet#fw4#vpn_domains_en
nftset=/interfax.com.ua/4#inet#fw4#vpn_domains_en
nftset=/internalfb.com/4#inet#fw4#vpn_domains_en
nftset=/intuit.com/4#inet#fw4#vpn_domains_en
nftset=/intuitibits.com/4#inet#fw4#vpn_domains_en
nftset=/ionos.com/4#inet#fw4#vpn_domains_en
nftset=/iptv.online/4#inet#fw4#vpn_domains_en
nftset=/is.fi/4#inet#fw4#vpn_domains_en
nftset=/island-of-pleasure.site/4#inet#fw4#vpn_domains_en
nftset=/istories.media/4#inet#fw4#vpn_domains_en
nftset=/itsmycity.ru/4#inet#fw4#vpn_domains_en
nftset=/jabra.com/4#inet#fw4#vpn_domains_en
nftset=/jamf.com/4#inet#fw4#vpn_domains_en
nftset=/jauns.lv/4#inet#fw4#vpn_domains_en
nftset=/jetbrains.com/4#inet#fw4#vpn_domains_en
nftset=/kaktus.media/4#inet#fw4#vpn_domains_en
nftset=/kamatera.com/4#inet#fw4#vpn_domains_en
nftset=/kasparov.ru/4#inet#fw4#vpn_domains_en
nftset=/kavkaz-uzel.eu/4#inet#fw4#vpn_domains_en
nftset=/kavkazr.com/4#inet#fw4#vpn_domains_en
nftset=/kemono.party/4#inet#fw4#vpn_domains_en
nftset=/kino.pub/4#inet#fw4#vpn_domains_en
nftset=/kinobase.org/4#inet#fw4#vpn_domains_en
nftset=/kinogo.la/4#inet#fw4#vpn_domains_en
nftset=/kinokopilka.pro/4#inet#fw4#vpn_domains_en
nftset=/kinovod.net/4#inet#fw4#vpn_domains_en
nftset=/kinozal.guru/4#inet#fw4#vpn_domains_en
nftset=/kinozal.me/4#inet#fw4#vpn_domains_en
nftset=/kinozal.tv/4#inet#fw4#vpn_domains_en
nftset=/knews.kg/4#inet#fw4#vpn_domains_en
nftset=/kolsar.org/4#inet#fw4#vpn_domains_en
nftset=/korrespondent.net/4#inet#fw4#vpn_domains_en
nftset=/kovcheg.live/4#inet#fw4#vpn_domains_en
nftset=/kpapp.link/4#inet#fw4#vpn_domains_en
nftset=/krymr.com/4#inet#fw4#vpn_domains_en
nftset=/kupujemprodajem.com/4#inet#fw4#vpn_domains_en
nftset=/lambdalabs.com/4#inet#fw4#vpn_domains_en
nftset=/lamcdn.net/4#inet#fw4#vpn_domains_en
nftset=/ldoceonline.com/4#inet#fw4#vpn_domains_en
nftset=/leafletjs.com/4#inet#fw4#vpn_domains_en
nftset=/leica-geosystems.com/4#inet#fw4#vpn_domains_en
nftset=/lenovo.com/4#inet#fw4#vpn_domains_en
nftset=/libgen.rs/4#inet#fw4#vpn_domains_en
nftset=/licdn.com/4#inet#fw4#vpn_domains_en
nftset=/lidarr.audio/4#inet#fw4#vpn_domains_en
nftset=/linkedin.com/4#inet#fw4#vpn_domains_en
nftset=/linktr.ee/4#inet#fw4#vpn_domains_en
nftset=/linuxiac.com/4#inet#fw4#vpn_domains_en
nftset=/live.net/4#inet#fw4#vpn_domains_en
nftset=/livetv.sx/4#inet#fw4#vpn_domains_en
nftset=/localbitcoins.com/4#inet#fw4#vpn_domains_en
nftset=/locals.md/4#inet#fw4#vpn_domains_en
nftset=/lostfilm.run/4#inet#fw4#vpn_domains_en
nftset=/lostfilm.top/4#inet#fw4#vpn_domains_en
nftset=/lostfilm.tv/4#inet#fw4#vpn_domains_en
nftset=/lostfilm.win/4#inet#fw4#vpn_domains_en
nftset=/lostfilmtv2.site/4#inet#fw4#vpn_domains_en
nftset=/lostfilmtv5.site/4#inet#fw4#vpn_domains_en
nftset=/m3u.in/4#inet#fw4#vpn_domains_en
nftset=/macpaw.com/4#inet#fw4#vpn_domains_en
nftset=/macvendors.com/4#inet#fw4#vpn_domains_en
nftset=/mailo.com/4#inet#fw4#vpn_domains_en
nftset=/malwarebytes.com/4#inet#fw4#vpn_domains_en
nftset=/mangahub.ru/4#inet#fw4#vpn_domains_en
nftset=/mangapark.net/4#inet#fw4#vpn_domains_en
nftset=/mattermost.com/4#inet#fw4#vpn_domains_en
nftset=/mbed.com/4#inet#fw4#vpn_domains_en
nftset=/mdza.io/4#inet#fw4#vpn_domains_en
nftset=/mediazona.ca/4#inet#fw4#vpn_domains_en
nftset=/mediazona.online/4#inet#fw4#vpn_domains_en
nftset=/medicalnewstoday.com/4#inet#fw4#vpn_domains_en
nftset=/medium.com/4#inet#fw4#vpn_domains_en
nftset=/meduza.io/4#inet#fw4#vpn_domains_en
nftset=/megapeer.ru/4#inet#fw4#vpn_domains_en
nftset=/memohrc.org/4#inet#fw4#vpn_domains_en
nftset=/meraki.com/4#inet#fw4#vpn_domains_en
nftset=/merezha.co/4#inet#fw4#vpn_domains_en
nftset=/meta.com/4#inet#fw4#vpn_domains_en
nftset=/metacritic.com/4#inet#fw4#vpn_domains_en
nftset=/metla.press/4#inet#fw4#vpn_domains_en
nftset=/microchip.com/4#inet#fw4#vpn_domains_en
nftset=/middlewareinventory.com/4#inet#fw4#vpn_domains_en
nftset=/mignews.com/4#inet#fw4#vpn_domains_en
nftset=/mongodb.com/4#inet#fw4#vpn_domains_en
nftset=/mongodb.org/4#inet#fw4#vpn_domains_en
nftset=/monoprice.com/4#inet#fw4#vpn_domains_en
nftset=/monster.ie/4#inet#fw4#vpn_domains_en
nftset=/moscowtimes.ru/4#inet#fw4#vpn_domains_en
nftset=/mouser.com/4#inet#fw4#vpn_domains_en
nftset=/mouser.fi/4#inet#fw4#vpn_domains_en
nftset=/mrakopedia.net/4#inet#fw4#vpn_domains_en
nftset=/mullvad.net/4#inet#fw4#vpn_domains_en
nftset=/muscdn.com/4#inet#fw4#vpn_domains_en
nftset=/musical.ly/4#inet#fw4#vpn_domains_en
nftset=/mydoramy.club/4#inet#fw4#vpn_domains_en
nftset=/nasvsehtoshnit.ru/4#inet#fw4#vpn_domains_en
nftset=/navalny.com/4#inet#fw4#vpn_domains_en
nftset=/nba.com/4#inet#fw4#vpn_domains_en
nftset=/neformat.com.ua/4#inet#fw4#vpn_domains_en
nftset=/netflix.com/4#inet#fw4#vpn_domains_en
nftset=/netlify.com/4#inet#fw4#vpn_domains_en
nftset=/networksolutions.com/4#inet#fw4#vpn_domains_en
nftset=/news.google.com/4#inet#fw4#vpn_domains_en
nftset=/newsru.co.il/4#inet#fw4#vpn_domains_en
nftset=/newsru.com/4#inet#fw4#vpn_domains_en
nftset=/newstudio.tv/4#inet#fw4#vpn_domains_en
nftset=/newtimes.ru/4#inet#fw4#vpn_domains_en
nftset=/nflxext.com/4#inet#fw4#vpn_domains_en
nftset=/nflximg.net/4#inet#fw4#vpn_domains_en
nftset=/nflxvideo.net/4#inet#fw4#vpn_domains_en
nftset=/nih.gov/4#inet#fw4#vpn_domains_en
nftset=/nitropdf.com/4#inet#fw4#vpn_domains_en
nftset=/nnmclub.to/4#inet#fw4#vpn_domains_en
nftset=/nordvpn.com/4#inet#fw4#vpn_domains_en
nftset=/notion-static.com/4#inet#fw4#vpn_domains_en
nftset=/notion.com/4#inet#fw4#vpn_domains_en
nftset=/notion.new/4#inet#fw4#vpn_domains_en
nftset=/notion.site/4#inet#fw4#vpn_domains_en
nftset=/notion.so/4#inet#fw4#vpn_domains_en
nftset=/novaya.no/4#inet#fw4#vpn_domains_en
nftset=/novayagazeta.eu/4#inet#fw4#vpn_domains_en
nftset=/novayagazeta.ru/4#inet#fw4#vpn_domains_en
nftset=/ntc.party/4#inet#fw4#vpn_domains_en
nftset=/nyaa.si/4#inet#fw4#vpn_domains_en
nftset=/oaistatic.com/4#inet#fw4#vpn_domains_en
nftset=/oaiusercontent.com/4#inet#fw4#vpn_domains_en
nftset=/oasis.app/4#inet#fw4#vpn_domains_en
nftset=/ocstore.com/4#inet#fw4#vpn_domains_en
nftset=/oculus.com/4#inet#fw4#vpn_domains_en
nftset=/oculuscdn.com/4#inet#fw4#vpn_domains_en
nftset=/ohmyswift.ru/4#inet#fw4#vpn_domains_en
nftset=/oi.legal/4#inet#fw4#vpn_domains_en
nftset=/okx.com/4#inet#fw4#vpn_domains_en
nftset=/olx.ua/4#inet#fw4#vpn_domains_en
nftset=/omv-extras.org/4#inet#fw4#vpn_domains_en
nftset=/on24.com/4#inet#fw4#vpn_domains_en
nftset=/onetrust.com/4#inet#fw4#vpn_domains_en
nftset=/onlineradiobox.com/4#inet#fw4#vpn_domains_en
nftset=/onlinesim.ru/4#inet#fw4#vpn_domains_en
nftset=/openai.com/4#inet#fw4#vpn_domains_en
nftset=/openmedia.io/4#inet#fw4#vpn_domains_en
nftset=/opensea.io/4#inet#fw4#vpn_domains_en
nftset=/opentrackr.org/4#inet#fw4#vpn_domains_en
nftset=/opposition-news.com/4#inet#fw4#vpn_domains_en
nftset=/ovd.info/4#inet#fw4#vpn_domains_en
nftset=/ovd.legal/4#inet#fw4#vpn_domains_en
nftset=/ovd.news/4#inet#fw4#vpn_domains_en
nftset=/ovdinfo.org/4#inet#fw4#vpn_domains_en
nftset=/ozi-ru.org/4#inet#fw4#vpn_domains_en
nftset=/ozodi.org/4#inet#fw4#vpn_domains_en
nftset=/pages.dev/4#inet#fw4#vpn_domains_en
nftset=/pandasecurity.com/4#inet#fw4#vpn_domains_en
nftset=/pap.pl/4#inet#fw4#vpn_domains_en
nftset=/paperpaper.io/4#inet#fw4#vpn_domains_en
nftset=/paperpaper.ru/4#inet#fw4#vpn_domains_en
nftset=/paraplan.net/4#inet#fw4#vpn_domains_en
nftset=/paraswap.io/4#inet#fw4#vpn_domains_en
nftset=/parsec.app/4#inet#fw4#vpn_domains_en
nftset=/patreon.com/4#inet#fw4#vpn_domains_en
nftset=/patriot.dp.ua/4#inet#fw4#vpn_domains_en
nftset=/paypal.com/4#inet#fw4#vpn_domains_en
nftset=/pb.wtf/4#inet#fw4#vpn_domains_en
nftset=/pcbway.com/4#inet#fw4#vpn_domains_en
nftset=/pcbway.ru/4#inet#fw4#vpn_domains_en
nftset=/pcgamesn.com/4#inet#fw4#vpn_domains_en
nftset=/periscope.tv/4#inet#fw4#vpn_domains_en
nftset=/pexels.com/4#inet#fw4#vpn_domains_en
nftset=/phncdn.com/4#inet#fw4#vpn_domains_en
nftset=/php.su/4#inet#fw4#vpn_domains_en
nftset=/piccy.info/4#inet#fw4#vpn_domains_en
nftset=/pingdom.com/4#inet#fw4#vpn_domains_en
nftset=/pixiv.net/4#inet#fw4#vpn_domains_en
nftset=/plab.site/4#inet#fw4#vpn_domains_en
nftset=/play.google.com/4#inet#fw4#vpn_domains_en
nftset=/plugshare.com/4#inet#fw4#vpn_domains_en
nftset=/polit.ru/4#inet#fw4#vpn_domains_en
nftset=/politiken.dk/4#inet#fw4#vpn_domains_en
nftset=/pornolab.net/4#inet#fw4#vpn_domains_en
nftset=/porsche.com/4#inet#fw4#vpn_domains_en
nftset=/portal.lviv.ua/4#inet#fw4#vpn_domains_en
nftset=/posle.media/4#inet#fw4#vpn_domains_en
nftset=/postfix.org/4#inet#fw4#vpn_domains_en
nftset=/postimees.ee/4#inet#fw4#vpn_domains_en
nftset=/pravda.com.ua/4#inet#fw4#vpn_domains_en
nftset=/premierleague.com/4#inet#fw4#vpn_domains_en
nftset=/privatekeys.pw/4#inet#fw4#vpn_domains_en
nftset=/prnt.sc/4#inet#fw4#vpn_domains_en
nftset=/proekt.media/4#inet#fw4#vpn_domains_en
nftset=/prosleduetmedia.com/4#inet#fw4#vpn_domains_en
nftset=/prostovpn.org/4#inet#fw4#vpn_domains_en
nftset=/proton.me/4#inet#fw4#vpn_domains_en
nftset=/protonmail.ch/4#inet#fw4#vpn_domains_en
nftset=/protonmail.com/4#inet#fw4#vpn_domains_en
nftset=/provereno.media/4#inet#fw4#vpn_domains_en
nftset=/pscp.tv/4#inet#fw4#vpn_domains_en
nftset=/psiphon.ca/4#inet#fw4#vpn_domains_en
nftset=/qt.io/4#inet#fw4#vpn_domains_en
nftset=/qualcomm.com/4#inet#fw4#vpn_domains_en
nftset=/quietpc.com/4#inet#fw4#vpn_domains_en
nftset=/quora.com/4#inet#fw4#vpn_domains_en
nftset=/radarr.video/4#inet#fw4#vpn_domains_en
nftset=/radiosakharov.org/4#inet#fw4#vpn_domains_en
nftset=/radiosvoboda.org/4#inet#fw4#vpn_domains_en
nftset=/rbc.ua/4#inet#fw4#vpn_domains_en
nftset=/reactflow.dev/4#inet#fw4#vpn_domains_en
nftset=/realist.online/4#inet#fw4#vpn_domains_en
nftset=/reddxxx.com/4#inet#fw4#vpn_domains_en
nftset=/redgifs.com/4#inet#fw4#vpn_domains_en
nftset=/redis.com/4#inet#fw4#vpn_domains_en
nftset=/redis.io/4#inet#fw4#vpn_domains_en
nftset=/redshieldvpn.com/4#inet#fw4#vpn_domains_en
nftset=/redtube.com/4#inet#fw4#vpn_domains_en
nftset=/refactoring.guru/4#inet#fw4#vpn_domains_en
nftset=/refinitiv.com/4#inet#fw4#vpn_domains_en
nftset=/remove.bg/4#inet#fw4#vpn_domains_en
nftset=/republic.ru/4#inet#fw4#vpn_domains_en
nftset=/resp.app/4#inet#fw4#vpn_domains_en
nftset=/rezka.ag/4#inet#fw4#vpn_domains_en
nftset=/rezka.my/4#inet#fw4#vpn_domains_en
nftset=/rezonans.media/4#inet#fw4#vpn_domains_en
nftset=/rferl.org/4#inet#fw4#vpn_domains_en
nftset=/roar-review.com/4#inet#fw4#vpn_domains_en
nftset=/root-nation.com/4#inet#fw4#vpn_domains_en
nftset=/rsf.org/4#inet#fw4#vpn_domains_en
nftset=/ruckuswireless.com/4#inet#fw4#vpn_domains_en
nftset=/rus-media.org/4#inet#fw4#vpn_domains_en
nftset=/rus.ec/4#inet#fw4#vpn_domains_en
nftset=/rustorka.com/4#inet#fw4#vpn_domains_en
nftset=/rutor.info/4#inet#fw4#vpn_domains_en
nftset=/rutor.is/4#inet#fw4#vpn_domains_en
nftset=/rutor.org/4#inet#fw4#vpn_domains_en
nftset=/rutracker.cc/4#inet#fw4#vpn_domains_en
nftset=/rutracker.net/4#inet#fw4#vpn_domains_en
nftset=/rutracker.org/4#inet#fw4#vpn_domains_en
nftset=/rutracker.ru/4#inet#fw4#vpn_domains_en
nftset=/sakh.com/4#inet#fw4#vpn_domains_en
nftset=/sakhalin.info/4#inet#fw4#vpn_domains_en
nftset=/sakharovfoundation.org/4#inet#fw4#vpn_domains_en
nftset=/salesforce-experience.com/4#inet#fw4#vpn_domains_en
nftset=/salesforce-hub.com/4#inet#fw4#vpn_domains_en
nftset=/salesforce-scrt.com/4#inet#fw4#vpn_domains_en
nftset=/salesforce-setup.com/4#inet#fw4#vpn_domains_en
nftset=/salesforce-sites.com/4#inet#fw4#vpn_domains_en
nftset=/salesforce.com/4#inet#fw4#vpn_domains_en
nftset=/salesforceiq.com/4#inet#fw4#vpn_domains_en
nftset=/salesforceliveagent.com/4#inet#fw4#vpn_domains_en
nftset=/sap.com/4#inet#fw4#vpn_domains_en
nftset=/saverudata.info/4#inet#fw4#vpn_domains_en
nftset=/saverudata.net/4#inet#fw4#vpn_domains_en
nftset=/schaeffler.com/4#inet#fw4#vpn_domains_en
nftset=/screamingfrog.co.uk/4#inet#fw4#vpn_domains_en
nftset=/sdxcentral.com/4#inet#fw4#vpn_domains_en
nftset=/searchfloor.org/4#inet#fw4#vpn_domains_en
nftset=/seasonvar.ru/4#inet#fw4#vpn_domains_en
nftset=/sebeanus.online/4#inet#fw4#vpn_domains_en
nftset=/selezen.org/4#inet#fw4#vpn_domains_en
nftset=/semnasem.org/4#inet#fw4#vpn_domains_en
nftset=/sentry.io/4#inet#fw4#vpn_domains_en
nftset=/serpstat.com/4#inet#fw4#vpn_domains_en
nftset=/servarr.com/4#inet#fw4#vpn_domains_en
nftset=/severreal.org/4#inet#fw4#vpn_domains_en
nftset=/sfdcopens.com/4#inet#fw4#vpn_domains_en
nftset=/shinyhardware.co.uk/4#inet#fw4#vpn_domains_en
nftset=/showip.net/4#inet#fw4#vpn_domains_en
nftset=/sibreal.org/4#inet#fw4#vpn_domains_en
nftset=/simplix.info/4#inet#fw4#vpn_domains_en
nftset=/singlekey-id.com/4#inet#fw4#vpn_domains_en
nftset=/site.com/4#inet#fw4#vpn_domains_en
nftset=/skat.media/4#inet#fw4#vpn_domains_en
nftset=/skladchik.com/4#inet#fw4#vpn_domains_en
nftset=/sky.com/4#inet#fw4#vpn_domains_en
nftset=/skycdp.com/4#inet#fw4#vpn_domains_en
nftset=/skyscanner.com/4#inet#fw4#vpn_domains_en
nftset=/slavicsac.com/4#inet#fw4#vpn_domains_en
nftset=/slideshare.net/4#inet#fw4#vpn_domains_en
nftset=/smartbear.com/4#inet#fw4#vpn_domains_en
nftset=/smashwords.com/4#inet#fw4#vpn_domains_en
nftset=/smassets.net/4#inet#fw4#vpn_domains_en
nftset=/snort.org/4#inet#fw4#vpn_domains_en
nftset=/snyk.io/4#inet#fw4#vpn_domains_en
nftset=/soapui.org/4#inet#fw4#vpn_domains_en
nftset=/sobesednik.com/4#inet#fw4#vpn_domains_en
nftset=/sobesednik.ru/4#inet#fw4#vpn_domains_en
nftset=/solarwinds.com/4#inet#fw4#vpn_domains_en
nftset=/soundcloud.com/4#inet#fw4#vpn_domains_en
nftset=/spacelift.io/4#inet#fw4#vpn_domains_en
nftset=/spektr.press/4#inet#fw4#vpn_domains_en
nftset=/spotify.com/4#inet#fw4#vpn_domains_en
nftset=/spreadthesign.com/4#inet#fw4#vpn_domains_en
nftset=/sputnikipogrom.com/4#inet#fw4#vpn_domains_en
nftset=/stalker2.com/4#inet#fw4#vpn_domains_en
nftset=/strana.news/4#inet#fw4#vpn_domains_en
nftset=/strana.today/4#inet#fw4#vpn_domains_en
nftset=/strava.com/4#inet#fw4#vpn_domains_en
nftset=/stulchik.net/4#inet#fw4#vpn_domains_en
nftset=/suggestqueries.google.com/4#inet#fw4#vpn_domains_en
nftset=/supercell.com/4#inet#fw4#vpn_domains_en
nftset=/surveymonkey.com/4#inet#fw4#vpn_domains_en
nftset=/suspilne.media/4#inet#fw4#vpn_domains_en
nftset=/svidomi.in.ua/4#inet#fw4#vpn_domains_en
nftset=/svoboda.org/4#inet#fw4#vpn_domains_en
nftset=/svoi.kr.ua/4#inet#fw4#vpn_domains_en
nftset=/svtv.org/4#inet#fw4#vpn_domains_en
nftset=/swagger.io/4#inet#fw4#vpn_domains_en
nftset=/sysdig.com/4#inet#fw4#vpn_domains_en
nftset=/t-ru.org/4#inet#fw4#vpn_domains_en
nftset=/t.co/4#inet#fw4#vpn_domains_en
nftset=/tableau.com/4#inet#fw4#vpn_domains_en
nftset=/tayga.info/4#inet#fw4#vpn_domains_en
nftset=/te-st.org/4#inet#fw4#vpn_domains_en
nftset=/telegraf.by/4#inet#fw4#vpn_domains_en
nftset=/telegraf.news/4#inet#fw4#vpn_domains_en
nftset=/telemetr.io/4#inet#fw4#vpn_domains_en
nftset=/tellapart.com/4#inet#fw4#vpn_domains_en
nftset=/terraform.io/4#inet#fw4#vpn_domains_en
nftset=/terrasoft.ua/4#inet#fw4#vpn_domains_en
nftset=/the-village.ru/4#inet#fw4#vpn_domains_en
nftset=/theaudiodb.com/4#inet#fw4#vpn_domains_en
nftset=/thebarentsobserver.com/4#inet#fw4#vpn_domains_en
nftset=/thebell.io/4#inet#fw4#vpn_domains_en
nftset=/theins.info/4#inet#fw4#vpn_domains_en
nftset=/theins.press/4#inet#fw4#vpn_domains_en
nftset=/theins.ru/4#inet#fw4#vpn_domains_en
nftset=/themoviedb.org/4#inet#fw4#vpn_domains_en
nftset=/thepiratebay.org/4#inet#fw4#vpn_domains_en
nftset=/thetruestory.news/4#inet#fw4#vpn_domains_en
nftset=/threads.net/4#inet#fw4#vpn_domains_en
nftset=/ti.com/4#inet#fw4#vpn_domains_en
nftset=/tidal.com/4#inet#fw4#vpn_domains_en
nftset=/tik-tokapi.com/4#inet#fw4#vpn_domains_en
nftset=/tiktok.com/4#inet#fw4#vpn_domains_en
nftset=/tiktokcdn-eu.com/4#inet#fw4#vpn_domains_en
nftset=/tiktokcdn-us.com/4#inet#fw4#vpn_domains_en
nftset=/tiktokcdn.com/4#inet#fw4#vpn_domains_en
nftset=/tiktokd.net/4#inet#fw4#vpn_domains_en
nftset=/tiktokd.org/4#inet#fw4#vpn_domains_en
nftset=/tiktokv.com/4#inet#fw4#vpn_domains_en
nftset=/tiktokv.us/4#inet#fw4#vpn_domains_en
nftset=/tiktokw.us/4#inet#fw4#vpn_domains_en
nftset=/timberland.com/4#inet#fw4#vpn_domains_en
nftset=/tjournal.ru/4#inet#fw4#vpn_domains_en
nftset=/tmdb.org/4#inet#fw4#vpn_domains_en
nftset=/tokenized.play.google.com/4#inet#fw4#vpn_domains_en
nftset=/torproject.org/4#inet#fw4#vpn_domains_en
nftset=/torrent.by/4#inet#fw4#vpn_domains_en
nftset=/torrentgalaxy.to/4#inet#fw4#vpn_domains_en
nftset=/tracker.wf/4#inet#fw4#vpn_domains_en
nftset=/trailblazer.me/4#inet#fw4#vpn_domains_en
nftset=/trailhead.com/4#inet#fw4#vpn_domains_en
nftset=/trellix.com/4#inet#fw4#vpn_domains_en
nftset=/tsmc.com/4#inet#fw4#vpn_domains_en
nftset=/ttwstatic.com/4#inet#fw4#vpn_domains_en
nftset=/tutanota.com/4#inet#fw4#vpn_domains_en
nftset=/tvfreedom.io/4#inet#fw4#vpn_domains_en
nftset=/tvrain.ru/4#inet#fw4#vpn_domains_en
nftset=/tvrain.tv/4#inet#fw4#vpn_domains_en
nftset=/tweetdeck.com/4#inet#fw4#vpn_domains_en
nftset=/twimg.com/4#inet#fw4#vpn_domains_en
nftset=/twirpx.com/4#inet#fw4#vpn_domains_en
nftset=/twitpic.com/4#inet#fw4#vpn_domains_en
nftset=/twitter.biz/4#inet#fw4#vpn_domains_en
nftset=/twitter.com/4#inet#fw4#vpn_domains_en
nftset=/twitter.jp/4#inet#fw4#vpn_domains_en
nftset=/twittercommunity.com/4#inet#fw4#vpn_domains_en
nftset=/twitterflightschool.com/4#inet#fw4#vpn_domains_en
nftset=/twitterinc.com/4#inet#fw4#vpn_domains_en
nftset=/twitteroauth.com/4#inet#fw4#vpn_domains_en
nftset=/twitterstat.us/4#inet#fw4#vpn_domains_en
nftset=/twtrdns.net/4#inet#fw4#vpn_domains_en
nftset=/twttr.com/4#inet#fw4#vpn_domains_en
nftset=/twttr.net/4#inet#fw4#vpn_domains_en
nftset=/twvid.com/4#inet#fw4#vpn_domains_en
nftset=/ubnt.com/4#inet#fw4#vpn_domains_en
nftset=/ufile.io/4#inet#fw4#vpn_domains_en
nftset=/underver.se/4#inet#fw4#vpn_domains_en
nftset=/unian.net/4#inet#fw4#vpn_domains_en
nftset=/unian.ua/4#inet#fw4#vpn_domains_en
nftset=/uniongang.tv/4#inet#fw4#vpn_domains_en
nftset=/usa.one/4#inet#fw4#vpn_domains_en
nftset=/vagrantcloud.com/4#inet#fw4#vpn_domains_en
nftset=/vectorworks.net/4#inet#fw4#vpn_domains_en
nftset=/veeam.com/4#inet#fw4#vpn_domains_en
nftset=/velocidrone.com/4#inet#fw4#vpn_domains_en
nftset=/veritas.com/4#inet#fw4#vpn_domains_en
nftset=/verstka.media/4#inet#fw4#vpn_domains_en
nftset=/vesma.one/4#inet#fw4#vpn_domains_en
nftset=/vesma.today/4#inet#fw4#vpn_domains_en
nftset=/vesty.co.il/4#inet#fw4#vpn_domains_en
nftset=/vine.co/4#inet#fw4#vpn_domains_en
nftset=/vipdrive.net/4#inet#fw4#vpn_domains_en
nftset=/vndb.org/4#inet#fw4#vpn_domains_en
nftset=/voanews.com/4#inet#fw4#vpn_domains_en
nftset=/volkswagen-classic-parts.com/4#inet#fw4#vpn_domains_en
nftset=/vot-tak.tv/4#inet#fw4#vpn_domains_en
nftset=/voynaplemyon.com/4#inet#fw4#vpn_domains_en
nftset=/vpngate.net/4#inet#fw4#vpn_domains_en
nftset=/vpngen.org/4#inet#fw4#vpn_domains_en
nftset=/vpnlove.me/4#inet#fw4#vpn_domains_en
nftset=/vrv.co/4#inet#fw4#vpn_domains_en
nftset=/vyos.io/4#inet#fw4#vpn_domains_en
nftset=/walmart.com/4#inet#fw4#vpn_domains_en
nftset=/watchguard.com/4#inet#fw4#vpn_domains_en
nftset=/weather.com/4#inet#fw4#vpn_domains_en
nftset=/weblance.com.ua/4#inet#fw4#vpn_domains_en
nftset=/webnames.ca/4#inet#fw4#vpn_domains_en
nftset=/welt.de/4#inet#fw4#vpn_domains_en
nftset=/wetransfer.com/4#inet#fw4#vpn_domains_en
nftset=/wheather.com/4#inet#fw4#vpn_domains_en
nftset=/wide-youtube.l.google.com/4#inet#fw4#vpn_domains_ru
nftset=/wikiart.org/4#inet#fw4#vpn_domains_en
nftset=/wikidot.com/4#inet#fw4#vpn_domains_en
nftset=/wilsoncenter.org/4#inet#fw4#vpn_domains_en
nftset=/windguru.cz/4#inet#fw4#vpn_domains_en
nftset=/wixmp.com/4#inet#fw4#vpn_domains_en
nftset=/wk.cz/4#inet#fw4#vpn_domains_en
nftset=/wonderzine.com/4#inet#fw4#vpn_domains_en
nftset=/wpengine.com/4#inet#fw4#vpn_domains_en
nftset=/wunderground.com/4#inet#fw4#vpn_domains_en
nftset=/x.com/4#inet#fw4#vpn_domains_en
nftset=/xbox.com/4#inet#fw4#vpn_domains_en
nftset=/xerox.com/4#inet#fw4#vpn_domains_en
nftset=/xhamster.com/4#inet#fw4#vpn_domains_en
nftset=/xhamsterlive.com/4#inet#fw4#vpn_domains_en
nftset=/xnxx.com/4#inet#fw4#vpn_domains_en
nftset=/xtracloud.net/4#inet#fw4#vpn_domains_en
nftset=/xv-ru.com/4#inet#fw4#vpn_domains_en
nftset=/xvideos-cdn.com/4#inet#fw4#vpn_domains_en
nftset=/xvideos.com/4#inet#fw4#vpn_domains_en
nftset=/yaoilib.me/4#inet#fw4#vpn_domains_en
nftset=/yle.fi/4#inet#fw4#vpn_domains_en
nftset=/youtu.be/4#inet#fw4#vpn_domains_ru
nftset=/youtube.com/4#inet#fw4#vpn_domains_ru
nftset=/youtubekids.com/4#inet#fw4#vpn_domains_ru
nftset=/ytimg.com/4#inet#fw4#vpn_domains_ru
nftset=/ytimg.l.google.com/4#inet#fw4#vpn_domains_ru
nftset=/yting.com/4#inet#fw4#vpn_domains_ru
nftset=/zahav.ru/4#inet#fw4#vpn_domains_en
nftset=/zannn.top/4#inet#fw4#vpn_domains_en
nftset=/zbigz.com/4#inet#fw4#vpn_domains_en
nftset=/zedge.net/4#inet#fw4#vpn_domains_en
nftset=/zendesk.com/4#inet#fw4#vpn_domains_en
nftset=/zerkalo.io/4#inet#fw4#vpn_domains_en
nftset=/zerossl.com/4#inet#fw4#vpn_domains_en
nftset=/zetalliance.org/4#inet#fw4#vpn_domains_en
nftset=/zetfix.online/4#inet#fw4#vpn_domains_en
nftset=/zetflix.online/4#inet#fw4#vpn_domains_en
nftset=/zf.com/4#inet#fw4#vpn_domains_en
nftset=/znanija.com/4#inet#fw4#vpn_domains_en
nftset=/zohomail.com/4#inet#fw4#vpn_domains_en
nftset=/zona.media/4#inet#fw4#vpn_domains_en
nftset=/2ip.ru/4#inet#fw4#vpn_domains_en
nftset=/myip.ru/4#inet#fw4#vpn_domains_ru
nftset=/dis.gd/4#inet#fw4#vpn_domains_ru
nftset=/discord-activities.com/4#inet#fw4#vpn_domains_ru
nftset=/discord.co/4#inet#fw4#vpn_domains_ru
nftset=/discord.com/4#inet#fw4#vpn_domains_ru
nftset=/discord.design/4#inet#fw4#vpn_domains_ru
nftset=/discord.dev/4#inet#fw4#vpn_domains_ru
nftset=/discord.gg/4#inet#fw4#vpn_domains_ru
nftset=/discord.gift/4#inet#fw4#vpn_domains_ru
nftset=/discord.gifts/4#inet#fw4#vpn_domains_ru
nftset=/discord.media/4#inet#fw4#vpn_domains_ru
nftset=/discord.new/4#inet#fw4#vpn_domains_ru
nftset=/discord.store/4#inet#fw4#vpn_domains_ru
nftset=/discord.tools/4#inet#fw4#vpn_domains_ru
nftset=/discordactivities.com/4#inet#fw4#vpn_domains_ru
nftset=/discordapp.com/4#inet#fw4#vpn_domains_ru
nftset=/discordapp.net/4#inet#fw4#vpn_domains_ru
nftset=/discordcdn.com/4#inet#fw4#vpn_domains_ru
nftset=/discordmerch.com/4#inet#fw4#vpn_domains_ru
nftset=/discordpartygames.com/4#inet#fw4#vpn_domains_ru
nftset=/discordsays.com/4#inet#fw4#vpn_domains_ru
nftset=/discordstatus.com/4#inet#fw4#vpn_domains_ru
