/.gosuslugi.ru
/.emias.info
/.ipify.org
/.ifconfig.me
/.max.ru
/.oneme.ru
/.calls.okcdn.ru
/.checkip.amazonaws.com
/.ifconfig.me
/.mail.ru
/.ipv4-internet.yandex.net
/.ipv6-internet.yandex.net
/.cian.ru
/.cian.site
/.cdn-cian.ru
/.mosobleirc.ru
/.ozon.ru
/.ozonru.me
/.ozonusercontent.com
/.ozon.com
# ======== MIR TANKOV ==========
/.tanki.su
/.lesta.ru
/.lstprod.net
/.modxvm.com
# ======== EXPRESS MESSANGER ==========
/.public.express
/.corp.express
/.xlnk.ms
# ======== TAMTAM MESSANGER ==========
/.tamtam.chat
/.tamtam.ok.ru
