# RU domain list - traffic routed through RU gateway directly
# Lines starting with # are comments
# Wildcard syntax: /.domain.com = domain.com + *.domain.com
# Zone syntax: /.ru = ALL .ru domains, /.xn--p1ai = ALL .рф domains

# === Zones ===
/.ru
/.xn--p1ai

# === Social ===
/.vk.com

# === Search / portals ===
/.yandex.net

# === Media ===
/.okko.tv
/.rt.com

# === Youtube ====
/.youtube.com
/.googlevideo.com
/.ytimg.com
/.ggpht.com
/.youtu.be
/.youtube-nocookie.com
/.youtubekids.com
/.youtubego.com
/.youtubei.googleapis.com — внутреннее API YouTube
/.youtube.googleapis.com — публичное API
/.youtubeembeddedplayer.googleapis.com — встраиваемый плеер
/.yt3.googleusercontent.com — контент с каналов
/.yt.ggpht.com — превью в формате Google Photos
/.wide-youtube.l.google.com — Widevine DRM
/.ads.youtube.com

# === Delete ====
/.gosuslugi.ru
/.emias.info
/.ipify.org
/.ifconfig.me
/.max.ru
/.oneme.ru
/.calls.okcdn.ru
/.checkip.amazonaws.com
/.ifconfig.me
/.ip.mail.ru
/.ipv4-internet.yandex.net
/.ipv6-internet.yandex.net
